Archive member included to satisfy reference by file (symbol)

E:/ST/STM32CubeIDE_1.18.0/STM32CubeIDE/plugins/com.st.stm32cube.ide.mcu.externaltools.gnu-tools-for-stm32.13.3.rel1.win32_1.0.0.202411081344/tools/bin/../lib/gcc/arm-none-eabi/13.3.1/../../../../arm-none-eabi/lib/thumb/v7-m/nofp\libc_nano.a(libc_a-atoi.o)
                              ./Core/Src/interface.o (atoi)
E:/ST/STM32CubeIDE_1.18.0/STM32CubeIDE/plugins/com.st.stm32cube.ide.mcu.externaltools.gnu-tools-for-stm32.13.3.rel1.win32_1.0.0.202411081344/tools/bin/../lib/gcc/arm-none-eabi/13.3.1/../../../../arm-none-eabi/lib/thumb/v7-m/nofp\libc_nano.a(libc_a-exit.o)
                              E:/ST/STM32CubeIDE_1.18.0/STM32CubeIDE/plugins/com.st.stm32cube.ide.mcu.externaltools.gnu-tools-for-stm32.13.3.rel1.win32_1.0.0.202411081344/tools/bin/../lib/gcc/arm-none-eabi/13.3.1/../../../../arm-none-eabi/lib/thumb/v7-m/nofp/crt0.o (exit)
E:/ST/STM32CubeIDE_1.18.0/STM32CubeIDE/plugins/com.st.stm32cube.ide.mcu.externaltools.gnu-tools-for-stm32.13.3.rel1.win32_1.0.0.202411081344/tools/bin/../lib/gcc/arm-none-eabi/13.3.1/../../../../arm-none-eabi/lib/thumb/v7-m/nofp\libc_nano.a(libc_a-strtol.o)
                              E:/ST/STM32CubeIDE_1.18.0/STM32CubeIDE/plugins/com.st.stm32cube.ide.mcu.externaltools.gnu-tools-for-stm32.13.3.rel1.win32_1.0.0.202411081344/tools/bin/../lib/gcc/arm-none-eabi/13.3.1/../../../../arm-none-eabi/lib/thumb/v7-m/nofp\libc_nano.a(libc_a-atoi.o) (_strtol_r)
E:/ST/STM32CubeIDE_1.18.0/STM32CubeIDE/plugins/com.st.stm32cube.ide.mcu.externaltools.gnu-tools-for-stm32.13.3.rel1.win32_1.0.0.202411081344/tools/bin/../lib/gcc/arm-none-eabi/13.3.1/../../../../arm-none-eabi/lib/thumb/v7-m/nofp\libc_nano.a(libc_a-ctype_.o)
                              E:/ST/STM32CubeIDE_1.18.0/STM32CubeIDE/plugins/com.st.stm32cube.ide.mcu.externaltools.gnu-tools-for-stm32.13.3.rel1.win32_1.0.0.202411081344/tools/bin/../lib/gcc/arm-none-eabi/13.3.1/../../../../arm-none-eabi/lib/thumb/v7-m/nofp\libc_nano.a(libc_a-strtol.o) (_ctype_)
E:/ST/STM32CubeIDE_1.18.0/STM32CubeIDE/plugins/com.st.stm32cube.ide.mcu.externaltools.gnu-tools-for-stm32.13.3.rel1.win32_1.0.0.202411081344/tools/bin/../lib/gcc/arm-none-eabi/13.3.1/../../../../arm-none-eabi/lib/thumb/v7-m/nofp\libc_nano.a(libc_a-nano-vfprintf_float.o)
                              (_printf_float)
E:/ST/STM32CubeIDE_1.18.0/STM32CubeIDE/plugins/com.st.stm32cube.ide.mcu.externaltools.gnu-tools-for-stm32.13.3.rel1.win32_1.0.0.202411081344/tools/bin/../lib/gcc/arm-none-eabi/13.3.1/../../../../arm-none-eabi/lib/thumb/v7-m/nofp\libc_nano.a(libc_a-nano-vfprintf_i.o)
                              E:/ST/STM32CubeIDE_1.18.0/STM32CubeIDE/plugins/com.st.stm32cube.ide.mcu.externaltools.gnu-tools-for-stm32.13.3.rel1.win32_1.0.0.202411081344/tools/bin/../lib/gcc/arm-none-eabi/13.3.1/../../../../arm-none-eabi/lib/thumb/v7-m/nofp\libc_nano.a(libc_a-nano-vfprintf_float.o) (_printf_common)
E:/ST/STM32CubeIDE_1.18.0/STM32CubeIDE/plugins/com.st.stm32cube.ide.mcu.externaltools.gnu-tools-for-stm32.13.3.rel1.win32_1.0.0.202411081344/tools/bin/../lib/gcc/arm-none-eabi/13.3.1/../../../../arm-none-eabi/lib/thumb/v7-m/nofp\libc_nano.a(libc_a-nano-vfscanf_float.o)
                              (_scanf_float)
E:/ST/STM32CubeIDE_1.18.0/STM32CubeIDE/plugins/com.st.stm32cube.ide.mcu.externaltools.gnu-tools-for-stm32.13.3.rel1.win32_1.0.0.202411081344/tools/bin/../lib/gcc/arm-none-eabi/13.3.1/../../../../arm-none-eabi/lib/thumb/v7-m/nofp\libc_nano.a(libc_a-findfp.o)
                              E:/ST/STM32CubeIDE_1.18.0/STM32CubeIDE/plugins/com.st.stm32cube.ide.mcu.externaltools.gnu-tools-for-stm32.13.3.rel1.win32_1.0.0.202411081344/tools/bin/../lib/gcc/arm-none-eabi/13.3.1/../../../../arm-none-eabi/lib/thumb/v7-m/nofp\libc_nano.a(libc_a-exit.o) (__stdio_exit_handler)
E:/ST/STM32CubeIDE_1.18.0/STM32CubeIDE/plugins/com.st.stm32cube.ide.mcu.externaltools.gnu-tools-for-stm32.13.3.rel1.win32_1.0.0.202411081344/tools/bin/../lib/gcc/arm-none-eabi/13.3.1/../../../../arm-none-eabi/lib/thumb/v7-m/nofp\libc_nano.a(libc_a-fwalk.o)
                              E:/ST/STM32CubeIDE_1.18.0/STM32CubeIDE/plugins/com.st.stm32cube.ide.mcu.externaltools.gnu-tools-for-stm32.13.3.rel1.win32_1.0.0.202411081344/tools/bin/../lib/gcc/arm-none-eabi/13.3.1/../../../../arm-none-eabi/lib/thumb/v7-m/nofp\libc_nano.a(libc_a-findfp.o) (_fwalk_sglue)
E:/ST/STM32CubeIDE_1.18.0/STM32CubeIDE/plugins/com.st.stm32cube.ide.mcu.externaltools.gnu-tools-for-stm32.13.3.rel1.win32_1.0.0.202411081344/tools/bin/../lib/gcc/arm-none-eabi/13.3.1/../../../../arm-none-eabi/lib/thumb/v7-m/nofp\libc_nano.a(libc_a-printf.o)
                              ./Drivers/BSP/LCD/lcd.o (printf)
E:/ST/STM32CubeIDE_1.18.0/STM32CubeIDE/plugins/com.st.stm32cube.ide.mcu.externaltools.gnu-tools-for-stm32.13.3.rel1.win32_1.0.0.202411081344/tools/bin/../lib/gcc/arm-none-eabi/13.3.1/../../../../arm-none-eabi/lib/thumb/v7-m/nofp\libc_nano.a(libc_a-sprintf.o)
[...]
Memory Configuration

Name             Origin             Length             Attributes
RAM              0x20000000         0x00010000         xrw
FLASH            0x08000000         0x00080000         xr
*default*        0x00000000         0xffffffff

Linker script and memory map

LOAD E:/ST/STM32CubeIDE_1.18.0/STM32CubeIDE/plugins/com.st.stm32cube.ide.mcu.externaltools.gnu-tools-for-stm32.13.3.rel1.win32_1.0.0.202411081344/tools/bin/../lib/gcc/arm-none-eabi/13.3.1/thumb/v7-m/nofp/crti.o
LOAD E:/ST/STM32CubeIDE_1.18.0/STM32CubeIDE/plugins/com.st.stm32cube.ide.mcu.externaltools.gnu-tools-for-stm32.13.3.rel1.win32_1.0.0.202411081344/tools/bin/../lib/gcc/arm-none-eabi/13.3.1/thumb/v7-m/nofp/crtbegin.o
LOAD E:/ST/STM32CubeIDE_1.18.0/STM32CubeIDE/plugins/com.st.stm32cube.ide.mcu.externaltools.gnu-tools-for-stm32.13.3.rel1.win32_1.0.0.202411081344/tools/bin/../lib/gcc/arm-none-eabi/13.3.1/../../../../arm-none-eabi/lib/thumb/v7-m/nofp/crt0.o
LOAD ./Core/Src/AD9959.o
LOAD ./Core/Src/adc.o
LOAD ./Core/Src/fsmc.o
LOAD ./Core/Src/gpio.o
LOAD ./Core/Src/interface.o
LOAD ./Core/Src/main.o
LOAD ./Core/Src/stm32f1xx_hal_msp.o
LOAD ./Core/Src/stm32f1xx_it.o
LOAD ./Core/Src/syscalls.o
LOAD ./Core/Src/sysmem.o
LOAD ./Core/Src/system_stm32f1xx.o
LOAD ./Core/Src/tim.o
LOAD ./Core/Src/usart.o
LOAD ./Core/Startup/startup_stm32f103zetx.o
LOAD ./Drivers/BSP/24CXX/24cxx.o
LOAD ./Drivers/BSP/BEEP/beep.o
LOAD ./Drivers/BSP/IIC/myiic.o
LOAD ./Drivers/BSP/KEY/key.o
LOAD ./Drivers/BSP/LCD/lcd.o
LOAD ./Drivers/BSP/LED/led.o
LOAD ./Drivers/BSP/TOUCH/ctiic.o
LOAD ./Drivers/BSP/TOUCH/ft5206.o
LOAD ./Drivers/BSP/TOUCH/gt9xxx.o
LOAD ./Drivers/BSP/TOUCH/touch.o
LOAD ./Drivers/STM32F1xx_HAL_Driver/Src/stm32f1xx_hal.o
LOAD ./Drivers/STM32F1xx_HAL_Driver/Src/stm32f1xx_hal_adc.o
LOAD ./Drivers/STM32F1xx_HAL_Driver/Src/stm32f1xx_hal_adc_ex.o
LOAD ./Drivers/STM32F1xx_HAL_Driver/Src/stm32f1xx_hal_cortex.o
LOAD ./Drivers/STM32F1xx_HAL_Driver/Src/stm32f1xx_hal_dma.o
LOAD ./Drivers/STM32F1xx_HAL_Driver/Src/stm32f1xx_hal_exti.o
LOAD ./Drivers/STM32F1xx_HAL_Driver/Src/stm32f1xx_hal_flash.o
LOAD ./Drivers/STM32F1xx_HAL_Driver/Src/stm32f1xx_hal_flash_ex.o
LOAD ./Drivers/STM32F1xx_HAL_Driver/Src/stm32f1xx_hal_gpio.o
LOAD ./Drivers/STM32F1xx_HAL_Driver/Src/stm32f1xx_hal_gpio_ex.o
LOAD ./Drivers/STM32F1xx_HAL_Driver/Src/stm32f1xx_hal_nand.o
LOAD ./Drivers/STM32F1xx_HAL_Driver/Src/stm32f1xx_hal_nor.o
LOAD ./Drivers/STM32F1xx_HAL_Driver/Src/stm32f1xx_hal_pccard.o
LOAD ./Drivers/STM32F1xx_HAL_Driver/Src/stm32f1xx_hal_pwr.o
LOAD ./Drivers/STM32F1xx_HAL_Driver/Src/stm32f1xx_hal_rcc.o
LOAD ./Drivers/STM32F1xx_HAL_Driver/Src/stm32f1xx_hal_rcc_ex.o
LOAD ./Drivers/STM32F1xx_HAL_Driver/Src/stm32f1xx_hal_sram.o
LOAD ./Drivers/STM32F1xx_HAL_Driver/Src/stm32f1xx_hal_tim.o
LOAD ./Drivers/STM32F1xx_HAL_Driver/Src/stm32f1xx_hal_tim_ex.o
LOAD ./Drivers/STM32F1xx_HAL_Driver/Src/stm32f1xx_hal_uart.o
LOAD ./Drivers/STM32F1xx_HAL_Driver/Src/stm32f1xx_ll_fsmc.o
LOAD ./Drivers/SYSTEM/delay/delay.o
LOAD ./Drivers/SYSTEM/sys/sys.o
LOAD ../Middlewares/ST/ARM/DSP/Lib\libarm_cortexM3l_math.a
START GROUP
LOAD E:/ST/STM32CubeIDE_1.18.0/STM32CubeIDE/plugins/com.st.stm32cube.ide.mcu.externaltools.gnu-tools-for-stm32.13.3.rel1.win32_1.0.0.202411081344/tools/bin/../lib/gcc/arm-none-eabi/13.3.1/../../../../arm-none-eabi/lib/thumb/v7-m/nofp\libc_nano.a
LOAD E:/ST/STM32CubeIDE_1.18.0/STM32CubeIDE/plugins/com.st.stm32cube.ide.mcu.externaltools.gnu-tools-for-stm32.13.3.rel1.win32_1.0.0.202411081344/tools/bin/../lib/gcc/arm-none-eabi/13.3.1/../../../../arm-none-eabi/lib/thumb/v7-m/nofp\libm.a
END GROUP
START GROUP
LOAD E:/ST/STM32CubeIDE_1.18.0/STM32CubeIDE/plugins/com.st.stm32cube.ide.mcu.externaltools.gnu-tools-for-stm32.13.3.rel1.win32_1.0.0.202411081344/tools/bin/../lib/gcc/arm-none-eabi/13.3.1/thumb/v7-m/nofp\libgcc.a
LOAD E:/ST/STM32CubeIDE_1.18.0/STM32CubeIDE/plugins/com.st.stm32cube.ide.mcu.externaltools.gnu-tools-for-stm32.13.3.rel1.win32_1.0.0.202411081344/tools/bin/../lib/gcc/arm-none-eabi/13.3.1/../../../../arm-none-eabi/lib/thumb/v7-m/nofp\libc_nano.a
END GROUP
START GROUP
LOAD E:/ST/STM32CubeIDE_1.18.0/STM32CubeIDE/plugins/com.st.stm32cube.ide.mcu.externaltools.gnu-tools-for-stm32.13.3.rel1.win32_1.0.0.202411081344/tools/bin/../lib/gcc/arm-none-eabi/13.3.1/thumb/v7-m/nofp\libgcc.a
LOAD E:/ST/STM32CubeIDE_1.18.0/STM32CubeIDE/plugins/com.st.stm32cube.ide.mcu.externaltools.gnu-tools-for-stm32.13.3.rel1.win32_1.0.0.202411081344/tools/bin/../lib/gcc/arm-none-eabi/13.3.1/../../../../arm-none-eabi/lib/thumb/v7-m/nofp\libc_nano.a
LOAD E:/ST/STM32CubeIDE_1.18.0/STM32CubeIDE/plugins/com.st.stm32cube.ide.mcu.externaltools.gnu-tools-for-stm32.13.3.rel1.win32_1.0.0.202411081344/tools/bin/../lib/gcc/arm-none-eabi/13.3.1/../../../../arm-none-eabi/lib/thumb/v7-m/nofp\libnosys.a
END GROUP
START GROUP
LOAD E:/ST/STM32CubeIDE_1.18.0/STM32CubeIDE/plugins/com.st.stm32cube.ide.mcu.externaltools.gnu-tools-for-stm32.13.3.rel1.win32_1.0.0.202411081344/tools/bin/../lib/gcc/arm-none-eabi/13.3.1/thumb/v7-m/nofp\libgcc.a
LOAD E:/ST/STM32CubeIDE_1.18.0/STM32CubeIDE/plugins/com.st.stm32cube.ide.mcu.externaltools.gnu-tools-for-stm32.13.3.rel1.win32_1.0.0.202411081344/tools/bin/../lib/gcc/arm-none-eabi/13.3.1/../../../../arm-none-eabi/lib/thumb/v7-m/nofp\libc_nano.a
LOAD E:/ST/STM32CubeIDE_1.18.0/STM32CubeIDE/plugins/com.st.stm32cube.ide.mcu.externaltools.gnu-tools-for-stm32.13.3.rel1.win32_1.0.0.202411081344/tools/bin/../lib/gcc/arm-none-eabi/13.3.1/../../../../arm-none-eabi/lib/thumb/v7-m/nofp\libnosys.a
END GROUP
LOAD E:/ST/STM32CubeIDE_1.18.0/STM32CubeIDE/plugins/com.st.stm32cube.ide.mcu.externaltools.gnu-tools-for-stm32.13.3.rel1.win32_1.0.0.202411081344/tools/bin/../lib/gcc/arm-none-eabi/13.3.1/thumb/v7-m/nofp/crtend.o
LOAD E:/ST/STM32CubeIDE_1.18.0/STM32CubeIDE/plugins/com.st.stm32cube.ide.mcu.externaltools.gnu-tools-for-stm32.13.3.rel1.win32_1.0.0.202411081344/tools/bin/../lib/gcc/arm-none-eabi/13.3.1/thumb/v7-m/nofp/crtn.o
                0x20010000                        _estack = (ORIGIN (RAM) + LENGTH (RAM))
                0x00000200                        _Min_Heap_Size = 0x200
                0x00000400                        _Min_Stack_Size = 0x400

.isr_vector     0x08000000      0x1e4
                0x08000000                        . = ALIGN (0x4)
 *(.isr_vector)
 .isr_vector    0x08000000      0x1e4 ./Core/Startup/startup_stm32f103zetx.o
                0x08000000                g_pfnVectors
                0x080001e4                        . = ALIGN (0x4)

.text           0x080001e8    0x131d0
                0x080001e8                        . = ALIGN (0x4)
 *(.text)
 .text          0x080001e8       0x40 E:/ST/STM32CubeIDE_1.18.0/STM32CubeIDE/plugins/com.st.stm32cube.ide.mcu.externaltools.gnu-tools-for-stm32.13.3.rel1.win32_1.0.0.202411081344/tools/bin/../lib/gcc/arm-none-eabi/13.3.1/thumb/v7-m/nofp/crtbegin.o
 .text          0x08000228       0x14 E:/ST/STM32CubeIDE_1.18.0/STM32CubeIDE/plugins/com.st.stm32cube.ide.mcu.externaltools.gnu-tools-for-stm32.13.3.rel1.win32_1.0.0.202411081344/tools/bin/../lib/gcc/arm-none-eabi/13.3.1/../../../../arm-none-eabi/lib/thumb/v7-m/nofp\libc_nano.a(libc_a-strcmp.o)
                0x08000228                strcmp
 .text          0x0800023c       0x10 E:/ST/STM32CubeIDE_1.18.0/STM32CubeIDE/plugins/com.st.stm32cube.ide.mcu.externaltools.gnu-tools-for-stm32.13.3.rel1.win32_1.0.0.202411081344/tools/bin/../lib/gcc/arm-none-eabi/13.3.1/../../../../arm-none-eabi/lib/thumb/v7-m/nofp\libc_nano.a(libc_a-strlen.o)
                0x0800023c                strlen
 .text          0x0800024c      0x378 E:/ST/STM32CubeIDE_1.18.0/STM32CubeIDE/plugins/com.st.stm32cube.ide.mcu.externaltools.gnu-tools-for-stm32.13.3.rel1.win32_1.0.0.202411081344/tools/bin/../lib/gcc/arm-none-eabi/13.3.1/thumb/v7-m/nofp\libgcc.a(_arm_addsubdf3.o)
                0x0800024c                __aeabi_drsub
                0x08000254                __aeabi_dsub
                0x08000254                __subdf3
                0x08000258                __aeabi_dadd
                0x08000258                __adddf3
                0x080004d0                __floatunsidf
                0x080004d0                __aeabi_ui2d
                0x080004f0                __floatsidf
                0x080004f0                __aeabi_i2d
                0x08000514                __aeabi_f2d
                0x08000514                __extendsfdf2
                0x08000558                __floatundidf
                0x08000558                __aeabi_ul2d
                0x08000568                __floatdidf
                0x08000568                __aeabi_l2d
 .text          0x080005c4      0x424 E:/ST/STM32CubeIDE_1.18.0/STM32CubeIDE/plugins/com.st.stm32cube.ide.mcu.externaltools.gnu-tools-for-stm32.13.3.rel1.win32_1.0.0.202411081344/tools/bin/../lib/gcc/arm-none-eabi/13.3.1/thumb/v7-m/nofp\libgcc.a(_arm_muldivdf3.o)
                0x080005c4                __aeabi_dmul
                0x080005c4                __muldf3
                0x08000818                __divdf3
                0x08000818                __aeabi_ddiv
 .text          0x080009e8      0x110 E:/ST/STM32CubeIDE_1.18.0/STM32CubeIDE/plugins/com.st.stm32cube.ide.mcu.externaltools.gnu-tools-for-stm32.13.3.rel1.win32_1.0.0.202411081344/tools/bin/../lib/gcc/arm-none-eabi/13.3.1/thumb/v7-m/nofp\libgcc.a(_arm_cmpdf2.o)
                0x080009e8                __gtdf2
                0x080009e8                __gedf2
                0x080009f0                __ltdf2
                0x080009f0                __ledf2
                0x080009f8                __nedf2
                0x080009f8                __eqdf2
                0x080009f8                __cmpdf2
                0x08000a74                __aeabi_cdrcmple
                0x08000a84                __aeabi_cdcmpeq
                0x08000a84                __aeabi_cdcmple
                0x08000a94                __aeabi_dcmpeq
                0x08000aa8                __aeabi_dcmplt
                0x08000abc                __aeabi_dcmple
                0x08000ad0                __aeabi_dcmpge
                0x08000ae4                __aeabi_dcmpgt
 .text          0x08000af8       0x2c E:/ST/STM32CubeIDE_1.18.0/STM32CubeIDE/plugins/com.st.stm32cube.ide.mcu.externaltools.gnu-tools-for-stm32.13.3.rel1.win32_1.0.0.202411081344/tools/bin/../lib/gcc/arm-none-eabi/13.3.1/thumb/v7-m/nofp\libgcc.a(_arm_unorddf2.o)
                0x08000af8                __unorddf2
                0x08000af8                __aeabi_dcmpun
 .text          0x08000b24       0x50 E:/ST/STM32CubeIDE_1.18.0/STM32CubeIDE/plugins/com.st.stm32cube.ide.mcu.externaltools.gnu-tools-for-stm32.13.3.rel1.win32_1.0.0.202411081344/tools/bin/../lib/gcc/arm-none-eabi/13.3.1/thumb/v7-m/nofp\libgcc.a(_arm_fixdfsi.o)
                0x08000b24                __aeabi_d2iz
                0x08000b24                __fixdfsi
 .text          0x08000b74       0x40 E:/ST/STM32CubeIDE_1.18.0/STM32CubeIDE/plugins/com.st.stm32cube.ide.mcu.externaltools.gnu-tools-for-stm32.13.3.rel1.win32_1.0.0.202411081344/tools/bin/../lib/gcc/arm-none-eabi/13.3.1/thumb/v7-m/nofp\libgcc.a(_arm_fixunsdfsi.o)
                0x08000b74                __aeabi_d2uiz
                0x08000b74                __fixunsdfsi
 .text          0x08000bb4       0xa0 E:/ST/STM32CubeIDE_1.18.0/STM32CubeIDE/plugins/com.st.stm32cube.ide.mcu.externaltools.gnu-tools-for-stm32.13.3.rel1.win32_1.0.0.202411081344/tools/bin/../lib/gcc/arm-none-eabi/13.3.1/thumb/v7-m/nofp\libgcc.a(_arm_truncdfsf2.o)
                0x08000bb4                __truncdfsf2
                0x08000bb4                __aeabi_d2f
 .text          0x08000c54      0x21c E:/ST/STM32CubeIDE_1.18.0/STM32CubeIDE/plugins/com.st.stm32cube.ide.mcu.externaltools.gnu-tools-for-stm32.13.3.rel1.win32_1.0.0.202411081344/tools/bin/../lib/gcc/arm-none-eabi/13.3.1/thumb/v7-m/nofp\libgcc.a(_arm_addsubsf3.o)
                0x08000c54                __aeabi_frsub
                0x08000c5c                __subsf3
                0x08000c5c                __aeabi_fsub
                0x08000c60                __aeabi_fadd
                0x08000c60                __addsf3
                0x08000dc0                __aeabi_ui2f
                0x08000dc0                __floatunsisf
                0x08000dc8                __aeabi_i2f
                0x08000dc8                __floatsisf
                0x08000de4                __aeabi_ul2f
                0x08000de4                __floatundisf
                0x08000df4                __aeabi_l2f
                0x08000df4                __floatdisf
 .text          0x08000e70      0x2a0 E:/ST/STM32CubeIDE_1.18.0/STM32CubeIDE/plugins/com.st.stm32cube.ide.mcu.externaltools.gnu-tools-for-stm32.13.3.rel1.win32_1.0.0.202411081344/tools/bin/../lib/gcc/arm-none-eabi/13.3.1/thumb/v7-m/nofp\libgcc.a(_arm_muldivsf3.o)
                0x08000e70                __mulsf3
                0x08000e70                __aeabi_fmul
                0x08000fd8                __aeabi_fdiv
                0x08000fd8                __divsf3
 .text          0x08001110       0xec E:/ST/STM32CubeIDE_1.18.0/STM32CubeIDE/plugins/com.st.stm32cube.ide.mcu.externaltools.gnu-tools-for-stm32.13.3.rel1.win32_1.0.0.202411081344/tools/bin/../lib/gcc/arm-none-eabi/13.3.1/thumb/v7-m/nofp\libgcc.a(_arm_cmpsf2.o)
                0x08001110                __gesf2
                0x08001110                __gtsf2
                0x08001118                __lesf2
                0x08001118                __ltsf2
                0x08001120                __nesf2
                0x08001120                __eqsf2
                0x08001120                __cmpsf2
                0x08001180                __aeabi_cfrcmple
                0x08001188                __aeabi_cfcmpeq
                0x08001188                __aeabi_cfcmple
                0x08001198                __aeabi_fcmpeq
                0x080011ac                __aeabi_fcmplt
                0x080011c0                __aeabi_fcmple
                0x080011d4                __aeabi_fcmpge
                0x080011e8                __aeabi_fcmpgt
 .text          0x080011fc       0x40 E:/ST/STM32CubeIDE_1.18.0/STM32CubeIDE/plugins/com.st.stm32cube.ide.mcu.externaltools.gnu-tools-for-stm32.13.3.rel1.win32_1.0.0.202411081344/tools/bin/../lib/gcc/arm-none-eabi/13.3.1/thumb/v7-m/nofp\libgcc.a(_arm_fixunssfsi.o)
                0x080011fc                __fixunssfsi
                0x080011fc                __aeabi_f2uiz
 .text          0x0800123c       0x30 E:/ST/STM32CubeIDE_1.18.0/STM32CubeIDE/plugins/com.st.stm32cube.ide.mcu.externaltools.gnu-tools-for-stm32.13.3.rel1.win32_1.0.0.202411081344/tools/bin/../lib/gcc/arm-none-eabi/13.3.1/thumb/v7-m/nofp\libgcc.a(_fixdfdi.o)
                0x0800123c                __fixdfdi
                0x0800123c                __aeabi_d2lz
 .text          0x0800126c       0x3c E:/ST/STM32CubeIDE_1.18.0/STM32CubeIDE/plugins/com.st.stm32cube.ide.mcu.externaltools.gnu-tools-for-stm32.13.3.rel1.win32_1.0.0.202411081344/tools/bin/../lib/gcc/arm-none-eabi/13.3.1/thumb/v7-m/nofp\libgcc.a(_fixunsdfdi.o)
                0x0800126c                __fixunsdfdi
                0x0800126c                __aeabi_d2ulz
 *(.text*)
 .text.Init_AD9959
                0x080012a8      0x234 ./Core/Src/AD9959.o
                0x080012a8                Init_AD9959
 .text.AD9959MSGInit
                0x080014dc       0x64 ./Core/Src/AD9959.o
                0x080014dc                AD9959MSGInit
 .text.delay1   0x08001540       0x2c ./Core/Src/AD9959.o
                0x08001540                delay1
 .text.Intserve
                0x0800156c       0x98 ./Core/Src/AD9959.o
                0x0800156c                Intserve
 .text.IntReset
                0x08001604       0x38 ./Core/Src/AD9959.o
                0x08001604                IntReset
 .text.IO_Update
                0x0800163c       0x3c ./Core/Src/AD9959.o
                0x0800163c                IO_Update
 .text.WriteData_AD9959
                0x08001678      0x138 ./Core/Src/AD9959.o
                0x08001678                WriteData_AD9959
 .text.Write_Freq
                0x080017b0      0x114 ./Core/Src/AD9959.o
                0x080017b0                Write_Freq
 *fill*         0x080018c4        0x4 
 .text.WriteFreq
                0x080018c8      0x114 ./Core/Src/AD9959.o
                0x080018c8                WriteFreq
 .text.Write_Amplitude
                0x080019dc       0xf0 ./Core/Src/AD9959.o
                0x080019dc                Write_Amplitude
 .text.WriteAmplitude
                0x08001acc       0xf4 ./Core/Src/AD9959.o
                0x08001acc                WriteAmplitude
 .text.Write_Phase
                0x08001bc0       0xe4 ./Core/Src/AD9959.o
                0x08001bc0                Write_Phase
 .text.MX_ADC1_Init
                0x08001ca4       0x84 ./Core/Src/adc.o
                0x08001ca4                MX_ADC1_Init
 .text.HAL_ADC_MspInit
                0x08001d28       0x78 ./Core/Src/adc.o
                0x08001d28                HAL_ADC_MspInit
 .text.adc_channel_set
                0x08001da0       0x2e ./Core/Src/adc.o
                0x08001da0                adc_channel_set
 *fill*         0x08001dce        0x2 
 .text.adc_get_result
                0x08001dd0       0x38 ./Core/Src/adc.o
                0x08001dd0                adc_get_result
 .text.MX_FSMC_Init
                0x08001e08       0xfc ./Core/Src/fsmc.o
                0x08001e08                MX_FSMC_Init
 .text.HAL_FSMC_MspInit
                0x08001f04       0xa8 ./Core/Src/fsmc.o
 .text.HAL_SRAM_MspInit
                0x08001fac       0x14 ./Core/Src/fsmc.o
                0x08001fac                HAL_SRAM_MspInit
 .text.MX_GPIO_Init
                0x08001fc0      0x130 ./Core/Src/gpio.o
                0x08001fc0                MX_GPIO_Init
 .text.maingui  0x080020f0      0x460 ./Core/Src/interface.o
                0x080020f0                maingui
 .text.ddsgui   0x08002550      0x788 ./Core/Src/interface.o
                0x08002550                ddsgui
 .text.sddgui   0x08002cd8      0x7b8 ./Core/Src/interface.o
                0x08002cd8                sddgui
 .text.numgui   0x08003490      0x738 ./Core/Src/interface.o
                0x08003490                numgui
 .text.learngui
                0x08003bc8      0x7c0 ./Core/Src/interface.o
                0x08003bc8                learngui
 .text.exploregui
                0x08004388      0x404 ./Core/Src/interface.o
                0x08004388                exploregui
 .text.infogui  0x0800478c      0x1ac ./Core/Src/interface.o
                0x0800478c                infogui
 .text.authorgui
                0x08004938      0x210 ./Core/Src/interface.o
                0x08004938                authorgui
 .text.main     0x08004b48       0xa4 ./Core/Src/main.o
                0x08004b48                main
 .text.SystemClock_Config
                0x08004bec       0xba ./Core/Src/main.o
                0x08004bec                SystemClock_Config
 .text.Error_Handler
                0x08004ca6        0xc ./Core/Src/main.o
                0x08004ca6                Error_Handler
 *fill*         0x08004cb2        0x2 
 .text.HAL_MspInit
                0x08004cb4       0x68 ./Core/Src/stm32f1xx_hal_msp.o
                0x08004cb4                HAL_MspInit
 .text.NMI_Handler
                0x08004d1c        0x8 ./Core/Src/stm32f1xx_it.o
                0x08004d1c                NMI_Handler
 .text.HardFault_Handler
                0x08004d24        0x8 ./Core/Src/stm32f1xx_it.o
                0x08004d24                HardFault_Handler
 .text.MemManage_Handler
                0x08004d2c        0x8 ./Core/Src/stm32f1xx_it.o
                0x08004d2c                MemManage_Handler
 .text.BusFault_Handler
                0x08004d34        0x8 ./Core/Src/stm32f1xx_it.o
                0x08004d34                BusFault_Handler
 .text.UsageFault_Handler
                0x08004d3c        0x8 ./Core/Src/stm32f1xx_it.o
                0x08004d3c                UsageFault_Handler
 .text.SVC_Handler
                0x08004d44        0xc ./Core/Src/stm32f1xx_it.o
                0x08004d44                SVC_Handler
 .text.DebugMon_Handler
                0x08004d50        0xc ./Core/Src/stm32f1xx_it.o
                0x08004d50                DebugMon_Handler
 .text.PendSV_Handler
                0x08004d5c        0xc ./Core/Src/stm32f1xx_it.o
                0x08004d5c                PendSV_Handler
 .text.SysTick_Handler
                0x08004d68        0xc ./Core/Src/stm32f1xx_it.o
                0x08004d68                SysTick_Handler
 .text.TIM2_IRQHandler
                0x08004d74       0x14 ./Core/Src/stm32f1xx_it.o
                0x08004d74                TIM2_IRQHandler
 .text.USART1_IRQHandler
                0x08004d88       0x14 ./Core/Src/stm32f1xx_it.o
                0x08004d88                USART1_IRQHandler
 .text._getpid  0x08004d9c        0xe ./Core/Src/syscalls.o
                0x08004d9c                _getpid
 .text._kill    0x08004daa       0x20 ./Core/Src/syscalls.o
                0x08004daa                _kill
 .text._exit    0x08004dca       0x16 ./Core/Src/syscalls.o
                0x08004dca                _exit
 .text._read    0x08004de0       0x3a ./Core/Src/syscalls.o
                0x08004de0                _read
 .text._write   0x08004e1a       0x38 ./Core/Src/syscalls.o
                0x08004e1a                _write
 .text._close   0x08004e52       0x16 ./Core/Src/syscalls.o
                0x08004e52                _close
 .text._fstat   0x08004e68       0x1e ./Core/Src/syscalls.o
                0x08004e68                _fstat
 .text._isatty  0x08004e86       0x14 ./Core/Src/syscalls.o
                0x08004e86                _isatty
 .text._lseek   0x08004e9a       0x18 ./Core/Src/syscalls.o
                0x08004e9a                _lseek
 *fill*         0x08004eb2        0x2 
 .text._sbrk    0x08004eb4       0x6c ./Core/Src/sysmem.o
                0x08004eb4                _sbrk
 .text.SystemInit
                0x08004f20        0xc ./Core/Src/system_stm32f1xx.o
                0x08004f20                SystemInit
 .text.MX_TIM2_Init
                0x08004f2c       0xf8 ./Core/Src/tim.o
                0x08004f2c                MX_TIM2_Init
 .text.HAL_TIM_Base_MspInit
                0x08005024       0x88 ./Core/Src/tim.o
                0x08005024                HAL_TIM_Base_MspInit
 .text.HAL_TIM_IC_CaptureCallback
                0x080050ac       0x88 ./Core/Src/tim.o
                0x080050ac                HAL_TIM_IC_CaptureCallback
 .text.__io_putchar
                0x08005134       0x24 ./Core/Src/usart.o
                0x08005134                __io_putchar
 .text.MX_USART1_UART_Init
                0x08005158       0x60 ./Core/Src/usart.o
                0x08005158                MX_USART1_UART_Init
 .text.HAL_UART_MspInit
                0x080051b8       0xa8 ./Core/Src/usart.o
                0x080051b8                HAL_UART_MspInit
 .text.HAL_UART_RxCpltCallback
                0x08005260       0xb4 ./Core/Src/usart.o
                0x08005260                HAL_UART_RxCpltCallback
 .text.Reset_Handler
                0x08005314       0x48 ./Core/Startup/startup_stm32f103zetx.o
                0x08005314                Reset_Handler
 .text.Default_Handler
                0x0800535c        0x2 ./Core/Startup/startup_stm32f103zetx.o
                0x0800535c                RTC_Alarm_IRQHandler
                0x0800535c                EXTI2_IRQHandler
                0x0800535c                TIM8_TRG_COM_IRQHandler
                0x0800535c                TIM8_CC_IRQHandler
                0x0800535c                TIM1_CC_IRQHandler
                0x0800535c                TIM6_IRQHandler
                0x0800535c                PVD_IRQHandler
                0x0800535c                SDIO_IRQHandler
                0x0800535c                EXTI3_IRQHandler
                0x0800535c                EXTI0_IRQHandler
                0x0800535c                I2C2_EV_IRQHandler
                0x0800535c                ADC1_2_IRQHandler
                0x0800535c                SPI1_IRQHandler
                0x0800535c                TAMPER_IRQHandler
                0x0800535c                TIM8_UP_IRQHandler
                0x0800535c                DMA2_Channel2_IRQHandler
                0x0800535c                DMA1_Channel4_IRQHandler
                0x0800535c                USART3_IRQHandler
                0x0800535c                RTC_IRQHandler
                0x0800535c                DMA1_Channel7_IRQHandler
                0x0800535c                CAN1_RX1_IRQHandler
                0x0800535c                UART5_IRQHandler
                0x0800535c                ADC3_IRQHandler
                0x0800535c                TIM4_IRQHandler
                0x0800535c                DMA2_Channel1_IRQHandler
                0x0800535c                I2C1_EV_IRQHandler
                0x0800535c                DMA1_Channel6_IRQHandler
                0x0800535c                UART4_IRQHandler
                0x0800535c                TIM3_IRQHandler
                0x0800535c                RCC_IRQHandler
                0x0800535c                TIM1_TRG_COM_IRQHandler
                0x0800535c                DMA1_Channel1_IRQHandler
                0x0800535c                Default_Handler
                0x0800535c                EXTI15_10_IRQHandler
                0x0800535c                TIM7_IRQHandler
                0x0800535c                TIM5_IRQHandler
                0x0800535c                EXTI9_5_IRQHandler
                0x0800535c                SPI2_IRQHandler
                0x0800535c                DMA1_Channel5_IRQHandler
                0x0800535c                EXTI4_IRQHandler
                0x0800535c                USB_LP_CAN1_RX0_IRQHandler
                0x0800535c                USB_HP_CAN1_TX_IRQHandler
                0x0800535c                DMA1_Channel3_IRQHandler
                0x0800535c                FSMC_IRQHandler
                0x0800535c                TIM1_UP_IRQHandler
                0x0800535c                WWDG_IRQHandler
                0x0800535c                TIM1_BRK_IRQHandler
                0x0800535c                EXTI1_IRQHandler
                0x0800535c                DMA2_Channel4_5_IRQHandler
                0x0800535c                USART2_IRQHandler
                0x0800535c                I2C2_ER_IRQHandler
                0x0800535c                DMA1_Channel2_IRQHandler
                0x0800535c                TIM8_BRK_IRQHandler
                0x0800535c                CAN1_SCE_IRQHandler
                0x0800535c                FLASH_IRQHandler
                0x0800535c                SPI3_IRQHandler
                0x0800535c                I2C1_ER_IRQHandler
                0x0800535c                USBWakeUp_IRQHandler
                0x0800535c                DMA2_Channel3_IRQHandler
 .text.at24cxx_init
                0x0800535e        0xc ./Drivers/BSP/24CXX/24cxx.o
                0x0800535e                at24cxx_init
 .text.at24cxx_read_one_byte
                0x0800536a       0x60 ./Drivers/BSP/24CXX/24cxx.o
                0x0800536a                at24cxx_read_one_byte
 .text.at24cxx_write_one_byte
                0x080053ca       0x5a ./Drivers/BSP/24CXX/24cxx.o
                0x080053ca                at24cxx_write_one_byte
 .text.at24cxx_read
                0x08005424       0x3c ./Drivers/BSP/24CXX/24cxx.o
                0x08005424                at24cxx_read
 .text.at24cxx_write
                0x08005460       0x40 ./Drivers/BSP/24CXX/24cxx.o
                0x08005460                at24cxx_write
 .text.iic_init
                0x080054a0        0xc ./Drivers/BSP/IIC/myiic.o
                0x080054a0                iic_init
 .text.iic_delay
                0x080054ac        0xe ./Drivers/BSP/IIC/myiic.o
 *fill*         0x080054ba        0x2 
 .text.iic_start
                0x080054bc       0x40 ./Drivers/BSP/IIC/myiic.o
                0x080054bc                iic_start
 .text.iic_stop
                0x080054fc       0x38 ./Drivers/BSP/IIC/myiic.o
                0x080054fc                iic_stop
 .text.iic_wait_ack
                0x08005534       0x6c ./Drivers/BSP/IIC/myiic.o
                0x08005534                iic_wait_ack
 .text.iic_ack  0x080055a0       0x44 ./Drivers/BSP/IIC/myiic.o
                0x080055a0                iic_ack
 .text.iic_nack
                0x080055e4       0x38 ./Drivers/BSP/IIC/myiic.o
                0x080055e4                iic_nack
 .text.iic_send_byte
                0x0800561c       0x74 ./Drivers/BSP/IIC/myiic.o
                0x0800561c                iic_send_byte
 .text.iic_read_byte
                0x08005690       0x74 ./Drivers/BSP/IIC/myiic.o
                0x08005690                iic_read_byte
 .text.lcd_ex_st7789_reginit
                0x08005704      0x1ac ./Drivers/BSP/LCD/lcd.o
                0x08005704                lcd_ex_st7789_reginit
 .text.lcd_ex_ili9341_reginit
                0x080058b0      0x230 ./Drivers/BSP/LCD/lcd.o
                0x080058b0                lcd_ex_ili9341_reginit
 .text.lcd_ex_nt35310_reginit
                0x08005ae0      0xef6 ./Drivers/BSP/LCD/lcd.o
                0x08005ae0                lcd_ex_nt35310_reginit
 .text.lcd_ex_st7796_reginit
                0x080069d6      0x1ca ./Drivers/BSP/LCD/lcd.o
                0x080069d6                lcd_ex_st7796_reginit
 .text.lcd_ex_nt35510_reginit
                0x08006ba0      0xf00 ./Drivers/BSP/LCD/lcd.o
                0x08006ba0                lcd_ex_nt35510_reginit
 .text.lcd_ex_ili9806_reginit
                0x08007aa0      0x344 ./Drivers/BSP/LCD/lcd.o
                0x08007aa0                lcd_ex_ili9806_reginit
 .text.lcd_ex_ssd1963_reginit
                0x08007de4      0x172 ./Drivers/BSP/LCD/lcd.o
                0x08007de4                lcd_ex_ssd1963_reginit
 *fill*         0x08007f56        0x2 
 .text.lcd_wr_data
                0x08007f58       0x28 ./Drivers/BSP/LCD/lcd.o
                0x08007f58                lcd_wr_data
 .text.lcd_wr_regno
                0x08007f80       0x28 ./Drivers/BSP/LCD/lcd.o
                0x08007f80                lcd_wr_regno
 .text.lcd_write_reg
                0x08007fa8       0x2c ./Drivers/BSP/LCD/lcd.o
                0x08007fa8                lcd_write_reg
 .text.lcd_opt_delay
                0x08007fd4       0x20 ./Drivers/BSP/LCD/lcd.o
 .text.lcd_rd_data
                0x08007ff4       0x24 ./Drivers/BSP/LCD/lcd.o
 .text.lcd_write_ram_prepare
                0x08008018       0x1c ./Drivers/BSP/LCD/lcd.o
                0x08008018                lcd_write_ram_prepare
 .text.lcd_set_cursor
                0x08008034      0x1ac ./Drivers/BSP/LCD/lcd.o
                0x08008034                lcd_set_cursor
 .text.lcd_scan_dir
                0x080081e0      0x304 ./Drivers/BSP/LCD/lcd.o
                0x080081e0                lcd_scan_dir
 .text.lcd_draw_point
                0x080084e4       0x34 ./Drivers/BSP/LCD/lcd.o
                0x080084e4                lcd_draw_point
 .text.lcd_ssd_backlight_set
                0x08008518       0x68 ./Drivers/BSP/LCD/lcd.o
                0x08008518                lcd_ssd_backlight_set
 .text.lcd_display_dir
                0x08008580      0x1b0 ./Drivers/BSP/LCD/lcd.o
                0x08008580                lcd_display_dir
 .text.lcd_init
                0x08008730      0x364 ./Drivers/BSP/LCD/lcd.o
                0x08008730                lcd_init
 .text.lcd_clear
                0x08008a94       0x5c ./Drivers/BSP/LCD/lcd.o
                0x08008a94                lcd_clear
 .text.lcd_fill
                0x08008af0       0x7c ./Drivers/BSP/LCD/lcd.o
                0x08008af0                lcd_fill
 .text.lcd_draw_line
                0x08008b6c      0x10a ./Drivers/BSP/LCD/lcd.o
                0x08008b6c                lcd_draw_line
 .text.lcd_draw_rectangle
                0x08008c76       0x6e ./Drivers/BSP/LCD/lcd.o
                0x08008c76                lcd_draw_rectangle
 .text.lcd_draw_circle
                0x08008ce4      0x156 ./Drivers/BSP/LCD/lcd.o
                0x08008ce4                lcd_draw_circle
 *fill*         0x08008e3a        0x2 
 .text.lcd_show_char
                0x08008e3c      0x1bc ./Drivers/BSP/LCD/lcd.o
                0x08008e3c                lcd_show_char
 .text.lcd_show_string
                0x08008ff8       0xa0 ./Drivers/BSP/LCD/lcd.o
                0x08008ff8                lcd_show_string
 .text.ct_iic_delay
                0x08009098        0xe ./Drivers/BSP/TOUCH/ctiic.o
 *fill*         0x080090a6        0x2 
 .text.ct_iic_init
                0x080090a8       0x80 ./Drivers/BSP/TOUCH/ctiic.o
                0x080090a8                ct_iic_init
 .text.ct_iic_start
                0x08009128       0x48 ./Drivers/BSP/TOUCH/ctiic.o
                0x08009128                ct_iic_start
 .text.ct_iic_stop
                0x08009170       0x40 ./Drivers/BSP/TOUCH/ctiic.o
                0x08009170                ct_iic_stop
 .text.ct_iic_wait_ack
                0x080091b0       0x78 ./Drivers/BSP/TOUCH/ctiic.o
                0x080091b0                ct_iic_wait_ack
 .text.ct_iic_ack
                0x08009228       0x4c ./Drivers/BSP/TOUCH/ctiic.o
                0x08009228                ct_iic_ack
 .text.ct_iic_nack
                0x08009274       0x3c ./Drivers/BSP/TOUCH/ctiic.o
                0x08009274                ct_iic_nack
 .text.ct_iic_send_byte
                0x080092b0       0x7c ./Drivers/BSP/TOUCH/ctiic.o
                0x080092b0                ct_iic_send_byte
 .text.ct_iic_read_byte
                0x0800932c       0x7c ./Drivers/BSP/TOUCH/ctiic.o
                0x0800932c                ct_iic_read_byte
 .text.ft5206_wr_reg
                0x080093a8       0x72 ./Drivers/BSP/TOUCH/ft5206.o
                0x080093a8                ft5206_wr_reg
 .text.ft5206_rd_reg
                0x0800941a       0x7c ./Drivers/BSP/TOUCH/ft5206.o
                0x0800941a                ft5206_rd_reg
 *fill*         0x08009496        0x2 
 .text.ft5206_init
                0x08009498      0x13c ./Drivers/BSP/TOUCH/ft5206.o
                0x08009498                ft5206_init
 .text.ft5206_scan
                0x080095d4      0x22c ./Drivers/BSP/TOUCH/ft5206.o
                0x080095d4                ft5206_scan
 .text.gt9xxx_wr_reg
                0x08009800       0x84 ./Drivers/BSP/TOUCH/gt9xxx.o
                0x08009800                gt9xxx_wr_reg
 .text.gt9xxx_rd_reg
                0x08009884       0x8e ./Drivers/BSP/TOUCH/gt9xxx.o
                0x08009884                gt9xxx_rd_reg
 *fill*         0x08009912        0x2 
 .text.gt9xxx_init
                0x08009914      0x19c ./Drivers/BSP/TOUCH/gt9xxx.o
                0x08009914                gt9xxx_init
 .text.gt9xxx_scan
                0x08009ab0      0x35c ./Drivers/BSP/TOUCH/gt9xxx.o
                0x08009ab0                gt9xxx_scan
 .text.tp_write_byte
                0x08009e0c       0x74 ./Drivers/BSP/TOUCH/touch.o
 .text.tp_read_ad
                0x08009e80       0xd8 ./Drivers/BSP/TOUCH/touch.o
 .text.tp_read_xoy
                0x08009f58       0xf4 ./Drivers/BSP/TOUCH/touch.o
 .text.tp_read_xy
                0x0800a04c       0x5c ./Drivers/BSP/TOUCH/touch.o
 .text.tp_read_xy2
                0x0800a0a8       0xa8 ./Drivers/BSP/TOUCH/touch.o
 .text.tp_draw_touch_point
                0x0800a150       0xaa ./Drivers/BSP/TOUCH/touch.o
 *fill*         0x0800a1fa        0x2 
 .text.tp_scan  0x0800a1fc      0x154 ./Drivers/BSP/TOUCH/touch.o
                0x0800a1fc                tp_scan
 .text.tp_save_adjust_data
                0x0800a350       0x28 ./Drivers/BSP/TOUCH/touch.o
                0x0800a350                tp_save_adjust_data
 .text.tp_get_adjust_data
                0x0800a378       0x3c ./Drivers/BSP/TOUCH/touch.o
                0x0800a378                tp_get_adjust_data
 .text.tp_adjust_info_show
                0x0800a3b4      0x19c ./Drivers/BSP/TOUCH/touch.o
 .text.tp_adjust
                0x0800a550      0x45c ./Drivers/BSP/TOUCH/touch.o
                0x0800a550                tp_adjust
 .text.tp_init  0x0800a9ac      0x254 ./Drivers/BSP/TOUCH/touch.o
                0x0800a9ac                tp_init
 .text.HAL_Init
                0x0800ac00       0x2c ./Drivers/STM32F1xx_HAL_Driver/Src/stm32f1xx_hal.o
                0x0800ac00                HAL_Init
 .text.HAL_InitTick
                0x0800ac2c       0x60 ./Drivers/STM32F1xx_HAL_Driver/Src/stm32f1xx_hal.o
                0x0800ac2c                HAL_InitTick
 .text.HAL_IncTick
                0x0800ac8c       0x24 ./Drivers/STM32F1xx_HAL_Driver/Src/stm32f1xx_hal.o
                0x0800ac8c                HAL_IncTick
 .text.HAL_GetTick
                0x0800acb0       0x14 ./Drivers/STM32F1xx_HAL_Driver/Src/stm32f1xx_hal.o
                0x0800acb0                HAL_GetTick
 .text.HAL_ADC_Init
                0x0800acc4      0x1d4 ./Drivers/STM32F1xx_HAL_Driver/Src/stm32f1xx_hal_adc.o
                0x0800acc4                HAL_ADC_Init
 .text.HAL_ADC_Start
                0x0800ae98      0x15c ./Drivers/STM32F1xx_HAL_Driver/Src/stm32f1xx_hal_adc.o
                0x0800ae98                HAL_ADC_Start
 .text.HAL_ADC_PollForConversion
                0x0800aff4      0x20c ./Drivers/STM32F1xx_HAL_Driver/Src/stm32f1xx_hal_adc.o
                0x0800aff4                HAL_ADC_PollForConversion
 .text.HAL_ADC_GetValue
                0x0800b200       0x18 ./Drivers/STM32F1xx_HAL_Driver/Src/stm32f1xx_hal_adc.o
                0x0800b200                HAL_ADC_GetValue
 .text.HAL_ADC_ConfigChannel
                0x0800b218      0x1f0 ./Drivers/STM32F1xx_HAL_Driver/Src/stm32f1xx_hal_adc.o
                0x0800b218                HAL_ADC_ConfigChannel
 .text.ADC_Enable
                0x0800b408       0xb4 ./Drivers/STM32F1xx_HAL_Driver/Src/stm32f1xx_hal_adc.o
                0x0800b408                ADC_Enable
 .text.ADC_ConversionStop_Disable
                0x0800b4bc       0x82 ./Drivers/STM32F1xx_HAL_Driver/Src/stm32f1xx_hal_adc.o
                0x0800b4bc                ADC_ConversionStop_Disable
 *fill*         0x0800b53e        0x2 
 .text.HAL_ADCEx_Calibration_Start
                0x0800b540      0x15c ./Drivers/STM32F1xx_HAL_Driver/Src/stm32f1xx_hal_adc_ex.o
                0x0800b540                HAL_ADCEx_Calibration_Start
 .text.__NVIC_SetPriorityGrouping
                0x0800b69c       0x48 ./Drivers/STM32F1xx_HAL_Driver/Src/stm32f1xx_hal_cortex.o
 .text.__NVIC_GetPriorityGrouping
                0x0800b6e4       0x1c ./Drivers/STM32F1xx_HAL_Driver/Src/stm32f1xx_hal_cortex.o
 .text.__NVIC_EnableIRQ
                0x0800b700       0x38 ./Drivers/STM32F1xx_HAL_Driver/Src/stm32f1xx_hal_cortex.o
 .text.__NVIC_SetPriority
                0x0800b738       0x54 ./Drivers/STM32F1xx_HAL_Driver/Src/stm32f1xx_hal_cortex.o
 .text.NVIC_EncodePriority
                0x0800b78c       0x64 ./Drivers/STM32F1xx_HAL_Driver/Src/stm32f1xx_hal_cortex.o
 .text.SysTick_Config
                0x0800b7f0       0x44 ./Drivers/STM32F1xx_HAL_Driver/Src/stm32f1xx_hal_cortex.o
 .text.HAL_NVIC_SetPriorityGrouping
                0x0800b834       0x16 ./Drivers/STM32F1xx_HAL_Driver/Src/stm32f1xx_hal_cortex.o
                0x0800b834                HAL_NVIC_SetPriorityGrouping
 .text.HAL_NVIC_SetPriority
                0x0800b84a       0x38 ./Drivers/STM32F1xx_HAL_Driver/Src/stm32f1xx_hal_cortex.o
                0x0800b84a                HAL_NVIC_SetPriority
 .text.HAL_NVIC_EnableIRQ
                0x0800b882       0x1c ./Drivers/STM32F1xx_HAL_Driver/Src/stm32f1xx_hal_cortex.o
                0x0800b882                HAL_NVIC_EnableIRQ
 .text.HAL_SYSTICK_Config
                0x0800b89e       0x18 ./Drivers/STM32F1xx_HAL_Driver/Src/stm32f1xx_hal_cortex.o
                0x0800b89e                HAL_SYSTICK_Config
 .text.HAL_DMA_Abort
                0x0800b8b6       0x76 ./Drivers/STM32F1xx_HAL_Driver/Src/stm32f1xx_hal_dma.o
                0x0800b8b6                HAL_DMA_Abort
 .text.HAL_DMA_Abort_IT
                0x0800b92c      0x210 ./Drivers/STM32F1xx_HAL_Driver/Src/stm32f1xx_hal_dma.o
                0x0800b92c                HAL_DMA_Abort_IT
 .text.HAL_GPIO_Init
                0x0800bb3c      0x328 ./Drivers/STM32F1xx_HAL_Driver/Src/stm32f1xx_hal_gpio.o
                0x0800bb3c                HAL_GPIO_Init
 .text.HAL_GPIO_ReadPin
                0x0800be64       0x2e ./Drivers/STM32F1xx_HAL_Driver/Src/stm32f1xx_hal_gpio.o
                0x0800be64                HAL_GPIO_ReadPin
 .text.HAL_GPIO_WritePin
                0x0800be92       0x30 ./Drivers/STM32F1xx_HAL_Driver/Src/stm32f1xx_hal_gpio.o
                0x0800be92                HAL_GPIO_WritePin
 *fill*         0x0800bec2        0x2 
 .text.HAL_RCC_OscConfig
                0x0800bec4      0x504 ./Drivers/STM32F1xx_HAL_Driver/Src/stm32f1xx_hal_rcc.o
                0x0800bec4                HAL_RCC_OscConfig
 .text.HAL_RCC_ClockConfig
                0x0800c3c8      0x1d4 ./Drivers/STM32F1xx_HAL_Driver/Src/stm32f1xx_hal_rcc.o
                0x0800c3c8                HAL_RCC_ClockConfig
 .text.HAL_RCC_GetSysClockFreq
                0x0800c59c       0xa8 ./Drivers/STM32F1xx_HAL_Driver/Src/stm32f1xx_hal_rcc.o
                0x0800c59c                HAL_RCC_GetSysClockFreq
 .text.HAL_RCC_GetHCLKFreq
                0x0800c644       0x14 ./Drivers/STM32F1xx_HAL_Driver/Src/stm32f1xx_hal_rcc.o
                0x0800c644                HAL_RCC_GetHCLKFreq
 .text.HAL_RCC_GetPCLK1Freq
                0x0800c658       0x28 ./Drivers/STM32F1xx_HAL_Driver/Src/stm32f1xx_hal_rcc.o
                0x0800c658                HAL_RCC_GetPCLK1Freq
 .text.HAL_RCC_GetPCLK2Freq
                0x0800c680       0x28 ./Drivers/STM32F1xx_HAL_Driver/Src/stm32f1xx_hal_rcc.o
                0x0800c680                HAL_RCC_GetPCLK2Freq
 .text.RCC_Delay
                0x0800c6a8       0x3c ./Drivers/STM32F1xx_HAL_Driver/Src/stm32f1xx_hal_rcc.o
 .text.HAL_RCCEx_PeriphCLKConfig
                0x0800c6e4      0x16c ./Drivers/STM32F1xx_HAL_Driver/Src/stm32f1xx_hal_rcc_ex.o
                0x0800c6e4                HAL_RCCEx_PeriphCLKConfig
 .text.HAL_RCCEx_GetPeriphCLKFreq
                0x0800c850      0x1b0 ./Drivers/STM32F1xx_HAL_Driver/Src/stm32f1xx_hal_rcc_ex.o
                0x0800c850                HAL_RCCEx_GetPeriphCLKFreq
 .text.HAL_SRAM_Init
                0x0800ca00       0x9a ./Drivers/STM32F1xx_HAL_Driver/Src/stm32f1xx_hal_sram.o
                0x0800ca00                HAL_SRAM_Init
 .text.HAL_TIM_Base_Init
                0x0800ca9a       0x9e ./Drivers/STM32F1xx_HAL_Driver/Src/stm32f1xx_hal_tim.o
                0x0800ca9a                HAL_TIM_Base_Init
 .text.HAL_TIM_Base_Start
                0x0800cb38       0xb0 ./Drivers/STM32F1xx_HAL_Driver/Src/stm32f1xx_hal_tim.o
                0x0800cb38                HAL_TIM_Base_Start
 .text.HAL_TIM_Base_Stop
                0x0800cbe8       0x4c ./Drivers/STM32F1xx_HAL_Driver/Src/stm32f1xx_hal_tim.o
                0x0800cbe8                HAL_TIM_Base_Stop
 .text.HAL_TIM_IC_Init
                0x0800cc34       0x9e ./Drivers/STM32F1xx_HAL_Driver/Src/stm32f1xx_hal_tim.o
                0x0800cc34                HAL_TIM_IC_Init
 .text.HAL_TIM_IC_MspInit
                0x0800ccd2       0x12 ./Drivers/STM32F1xx_HAL_Driver/Src/stm32f1xx_hal_tim.o
                0x0800ccd2                HAL_TIM_IC_MspInit
 .text.HAL_TIM_IC_Start
                0x0800cce4      0x19c ./Drivers/STM32F1xx_HAL_Driver/Src/stm32f1xx_hal_tim.o
                0x0800cce4                HAL_TIM_IC_Start
 .text.HAL_TIM_IC_Start_IT
                0x0800ce80      0x234 ./Drivers/STM32F1xx_HAL_Driver/Src/stm32f1xx_hal_tim.o
                0x0800ce80                HAL_TIM_IC_Start_IT
 .text.HAL_TIM_IC_Stop_IT
                0x0800d0b4      0x15c ./Drivers/STM32F1xx_HAL_Driver/Src/stm32f1xx_hal_tim.o
                0x0800d0b4                HAL_TIM_IC_Stop_IT
 .text.HAL_TIM_IRQHandler
                0x0800d210      0x210 ./Drivers/STM32F1xx_HAL_Driver/Src/stm32f1xx_hal_tim.o
                0x0800d210                HAL_TIM_IRQHandler
 .text.HAL_TIM_IC_ConfigChannel
                0x0800d420      0x138 ./Drivers/STM32F1xx_HAL_Driver/Src/stm32f1xx_hal_tim.o
                0x0800d420                HAL_TIM_IC_ConfigChannel
 .text.HAL_TIM_ConfigClockSource
                0x0800d558      0x18e ./Drivers/STM32F1xx_HAL_Driver/Src/stm32f1xx_hal_tim.o
                0x0800d558                HAL_TIM_ConfigClockSource
 *fill*         0x0800d6e6        0x2 
 .text.HAL_TIM_ReadCapturedValue
                0x0800d6e8       0x88 ./Drivers/STM32F1xx_HAL_Driver/Src/stm32f1xx_hal_tim.o
                0x0800d6e8                HAL_TIM_ReadCapturedValue
 .text.HAL_TIM_PeriodElapsedCallback
                0x0800d770       0x12 ./Drivers/STM32F1xx_HAL_Driver/Src/stm32f1xx_hal_tim.o
                0x0800d770                HAL_TIM_PeriodElapsedCallback
 .text.HAL_TIM_OC_DelayElapsedCallback
                0x0800d782       0x12 ./Drivers/STM32F1xx_HAL_Driver/Src/stm32f1xx_hal_tim.o
                0x0800d782                HAL_TIM_OC_DelayElapsedCallback
 .text.HAL_TIM_PWM_PulseFinishedCallback
                0x0800d794       0x12 ./Drivers/STM32F1xx_HAL_Driver/Src/stm32f1xx_hal_tim.o
                0x0800d794                HAL_TIM_PWM_PulseFinishedCallback
 .text.HAL_TIM_TriggerCallback
                0x0800d7a6       0x12 ./Drivers/STM32F1xx_HAL_Driver/Src/stm32f1xx_hal_tim.o
                0x0800d7a6                HAL_TIM_TriggerCallback
 .text.TIM_Base_SetConfig
                0x0800d7b8       0xf4 ./Drivers/STM32F1xx_HAL_Driver/Src/stm32f1xx_hal_tim.o
                0x0800d7b8                TIM_Base_SetConfig
 .text.TIM_TI1_SetConfig
                0x0800d8ac       0xcc ./Drivers/STM32F1xx_HAL_Driver/Src/stm32f1xx_hal_tim.o
                0x0800d8ac                TIM_TI1_SetConfig
 .text.TIM_TI1_ConfigInputStage
                0x0800d978       0x5c ./Drivers/STM32F1xx_HAL_Driver/Src/stm32f1xx_hal_tim.o
 .text.TIM_TI2_SetConfig
                0x0800d9d4       0x78 ./Drivers/STM32F1xx_HAL_Driver/Src/stm32f1xx_hal_tim.o
 .text.TIM_TI2_ConfigInputStage
                0x0800da4c       0x5e ./Drivers/STM32F1xx_HAL_Driver/Src/stm32f1xx_hal_tim.o
 .text.TIM_TI3_SetConfig
                0x0800daaa       0x76 ./Drivers/STM32F1xx_HAL_Driver/Src/stm32f1xx_hal_tim.o
 .text.TIM_TI4_SetConfig
                0x0800db20       0x78 ./Drivers/STM32F1xx_HAL_Driver/Src/stm32f1xx_hal_tim.o
 .text.TIM_ITRx_SetConfig
                0x0800db98       0x34 ./Drivers/STM32F1xx_HAL_Driver/Src/stm32f1xx_hal_tim.o
 .text.TIM_ETR_SetConfig
                0x0800dbcc       0x3e ./Drivers/STM32F1xx_HAL_Driver/Src/stm32f1xx_hal_tim.o
                0x0800dbcc                TIM_ETR_SetConfig
 .text.TIM_CCxChannelCmd
                0x0800dc0a       0x48 ./Drivers/STM32F1xx_HAL_Driver/Src/stm32f1xx_hal_tim.o
                0x0800dc0a                TIM_CCxChannelCmd
 *fill*         0x0800dc52        0x2 
 .text.HAL_TIMEx_MasterConfigSynchronization
                0x0800dc54       0xd8 ./Drivers/STM32F1xx_HAL_Driver/Src/stm32f1xx_hal_tim_ex.o
                0x0800dc54                HAL_TIMEx_MasterConfigSynchronization
 .text.HAL_TIMEx_CommutCallback
                0x0800dd2c       0x12 ./Drivers/STM32F1xx_HAL_Driver/Src/stm32f1xx_hal_tim_ex.o
                0x0800dd2c                HAL_TIMEx_CommutCallback
 .text.HAL_TIMEx_BreakCallback
                0x0800dd3e       0x12 ./Drivers/STM32F1xx_HAL_Driver/Src/stm32f1xx_hal_tim_ex.o
                0x0800dd3e                HAL_TIMEx_BreakCallback
 .text.HAL_UART_Init
                0x0800dd50       0xa0 ./Drivers/STM32F1xx_HAL_Driver/Src/stm32f1xx_hal_uart.o
                0x0800dd50                HAL_UART_Init
 .text.HAL_UART_Transmit
                0x0800ddf0      0x106 ./Drivers/STM32F1xx_HAL_Driver/Src/stm32f1xx_hal_uart.o
                0x0800ddf0                HAL_UART_Transmit
 .text.HAL_UART_Receive_IT
                0x0800def6       0x4a ./Drivers/STM32F1xx_HAL_Driver/Src/stm32f1xx_hal_uart.o
                0x0800def6                HAL_UART_Receive_IT
 .text.HAL_UART_IRQHandler
                0x0800df40      0x524 ./Drivers/STM32F1xx_HAL_Driver/Src/stm32f1xx_hal_uart.o
                0x0800df40                HAL_UART_IRQHandler
 .text.HAL_UART_TxCpltCallback
                0x0800e464       0x12 ./Drivers/STM32F1xx_HAL_Driver/Src/stm32f1xx_hal_uart.o
                0x0800e464                HAL_UART_TxCpltCallback
 .text.HAL_UART_ErrorCallback
                0x0800e476       0x12 ./Drivers/STM32F1xx_HAL_Driver/Src/stm32f1xx_hal_uart.o
                0x0800e476                HAL_UART_ErrorCallback
 .text.HAL_UARTEx_RxEventCallback
                0x0800e488       0x16 ./Drivers/STM32F1xx_HAL_Driver/Src/stm32f1xx_hal_uart.o
                0x0800e488                HAL_UARTEx_RxEventCallback
 .text.UART_WaitOnFlagUntilTimeout
                0x0800e49e       0xdc ./Drivers/STM32F1xx_HAL_Driver/Src/stm32f1xx_hal_uart.o
 .text.UART_Start_Receive_IT
                0x0800e57a       0x72 ./Drivers/STM32F1xx_HAL_Driver/Src/stm32f1xx_hal_uart.o
                0x0800e57a                UART_Start_Receive_IT
 .text.UART_EndRxTransfer
                0x0800e5ec       0xc4 ./Drivers/STM32F1xx_HAL_Driver/Src/stm32f1xx_hal_uart.o
 .text.UART_DMAAbortOnError
                0x0800e6b0       0x28 ./Drivers/STM32F1xx_HAL_Driver/Src/stm32f1xx_hal_uart.o
 .text.UART_Transmit_IT
                0x0800e6d8       0x9e ./Drivers/STM32F1xx_HAL_Driver/Src/stm32f1xx_hal_uart.o
 .text.UART_EndTransmit_IT
                0x0800e776       0x30 ./Drivers/STM32F1xx_HAL_Driver/Src/stm32f1xx_hal_uart.o
 .text.UART_Receive_IT
                0x0800e7a6      0x17c ./Drivers/STM32F1xx_HAL_Driver/Src/stm32f1xx_hal_uart.o
 *fill*         0x0800e922        0x2 
 .text.UART_SetConfig
                0x0800e924      0x11c ./Drivers/STM32F1xx_HAL_Driver/Src/stm32f1xx_hal_uart.o
 .text.FSMC_NORSRAM_Init
                0x0800ea40       0xd4 ./Drivers/STM32F1xx_HAL_Driver/Src/stm32f1xx_ll_fsmc.o
                0x0800ea40                FSMC_NORSRAM_Init
 .text.FSMC_NORSRAM_Timing_Init
                0x0800eb14       0x68 ./Drivers/STM32F1xx_HAL_Driver/Src/stm32f1xx_ll_fsmc.o
                0x0800eb14                FSMC_NORSRAM_Timing_Init
 .text.FSMC_NORSRAM_Extended_Timing_Init
                0x0800eb7c       0x70 ./Drivers/STM32F1xx_HAL_Driver/Src/stm32f1xx_ll_fsmc.o
                0x0800eb7c                FSMC_NORSRAM_Extended_Timing_Init
 .text.delay_init
                0x0800ebec       0x20 ./Drivers/SYSTEM/delay/delay.o
                0x0800ebec                delay_init
 .text.delay_us
                0x0800ec0c       0x7c ./Drivers/SYSTEM/delay/delay.o
                0x0800ec0c                delay_us
 .text.delay_ms
                0x0800ec88       0x22 ./Drivers/SYSTEM/delay/delay.o
                0x0800ec88                delay_ms
 .text.atoi     0x0800ecaa        0x8 E:/ST/STM32CubeIDE_1.18.0/STM32CubeIDE/plugins/com.st.stm32cube.ide.mcu.externaltools.gnu-tools-for-stm32.13.3.rel1.win32_1.0.0.202411081344/tools/bin/../lib/gcc/arm-none-eabi/13.3.1/../../../../arm-none-eabi/lib/thumb/v7-m/nofp\libc_nano.a(libc_a-atoi.o)
                0x0800ecaa                atoi
 *fill*         0x0800ecb2        0x2 
 .text._strtol_l.isra.0
                0x0800ecb4       0xf4 E:/ST/STM32CubeIDE_1.18.0/STM32CubeIDE/plugins/com.st.stm32cube.ide.mcu.externaltools.gnu-tools-for-stm32.13.3.rel1.win32_1.0.0.202411081344/tools/bin/../lib/gcc/arm-none-eabi/13.3.1/../../../../arm-none-eabi/lib/thumb/v7-m/nofp\libc_nano.a(libc_a-strtol.o)
 .text._strtol_r
                0x0800eda8        0x4 E:/ST/STM32CubeIDE_1.18.0/STM32CubeIDE/plugins/com.st.stm32cube.ide.mcu.externaltools.gnu-tools-for-stm32.13.3.rel1.win32_1.0.0.202411081344/tools/bin/../lib/gcc/arm-none-eabi/13.3.1/../../../../arm-none-eabi/lib/thumb/v7-m/nofp\libc_nano.a(libc_a-strtol.o)
                0x0800eda8                _strtol_r
 .text.strtol   0x0800edac       0x14 E:/ST/STM32CubeIDE_1.18.0/STM32CubeIDE/plugins/com.st.stm32cube.ide.mcu.externaltools.gnu-tools-for-stm32.13.3.rel1.win32_1.0.0.202411081344/tools/bin/../lib/gcc/arm-none-eabi/13.3.1/../../../../arm-none-eabi/lib/thumb/v7-m/nofp\libc_nano.a(libc_a-strtol.o)
                0x0800edac                strtol
 .text.__cvt    0x0800edc0       0xc8 E:/ST/STM32CubeIDE_1.18.0/STM32CubeIDE/plugins/com.st.stm32cube.ide.mcu.externaltools.gnu-tools-for-stm32.13.3.rel1.win32_1.0.0.202411081344/tools/bin/../lib/gcc/arm-none-eabi/13.3.1/../../../../arm-none-eabi/lib/thumb/v7-m/nofp\libc_nano.a(libc_a-nano-vfprintf_float.o)
                0x0800edc0                __cvt
 .text.__exponent
                0x0800ee88       0x74 E:/ST/STM32CubeIDE_1.18.0/STM32CubeIDE/plugins/com.st.stm32cube.ide.mcu.externaltools.gnu-tools-for-stm32.13.3.rel1.win32_1.0.0.202411081344/tools/bin/../lib/gcc/arm-none-eabi/13.3.1/../../../../arm-none-eabi/lib/thumb/v7-m/nofp\libc_nano.a(libc_a-nano-vfprintf_float.o)
                0x0800ee88                __exponent
 .text._printf_float
                0x0800eefc      0x458 E:/ST/STM32CubeIDE_1.18.0/STM32CubeIDE/plugins/com.st.stm32cube.ide.mcu.externaltools.gnu-tools-for-stm32.13.3.rel1.win32_1.0.0.202411081344/tools/bin/../lib/gcc/arm-none-eabi/13.3.1/../../../../arm-none-eabi/lib/thumb/v7-m/nofp\libc_nano.a(libc_a-nano-vfprintf_float.o)
                0x0800eefc                _printf_float
 .text._printf_common
                0x0800f354       0xe4 E:/ST/STM32CubeIDE_1.18.0/STM32CubeIDE/plugins/com.st.stm32cube.ide.mcu.externaltools.gnu-tools-for-stm32.13.3.rel1.win32_1.0.0.202411081344/tools/bin/../lib/gcc/arm-none-eabi/13.3.1/../../../../arm-none-eabi/lib/thumb/v7-m/nofp\libc_nano.a(libc_a-nano-vfprintf_i.o)
                0x0800f354                _printf_common
 .text._printf_i
                0x0800f438      0x23c E:/ST/STM32CubeIDE_1.18.0/STM32CubeIDE/plugins/com.st.stm32cube.ide.mcu.externaltools.gnu-tools-for-stm32.13.3.rel1.win32_1.0.0.202411081344/tools/bin/../lib/gcc/arm-none-eabi/13.3.1/../../../../arm-none-eabi/lib/thumb/v7-m/nofp\libc_nano.a(libc_a-nano-vfprintf_i.o)
                0x0800f438                _printf_i
 .text._scanf_float
                0x0800f674      0x414 E:/ST/STM32CubeIDE_1.18.0/STM32CubeIDE/plugins/com.st.stm32cube.ide.mcu.externaltools.gnu-tools-for-stm32.13.3.rel1.win32_1.0.0.202411081344/tools/bin/../lib/gcc/arm-none-eabi/13.3.1/../../../../arm-none-eabi/lib/thumb/v7-m/nofp\libc_nano.a(libc_a-nano-vfscanf_float.o)
                0x0800f674                _scanf_float
 .text.std      0x0800fa88       0x6c E:/ST/STM32CubeIDE_1.18.0/STM32CubeIDE/plugins/com.st.stm32cube.ide.mcu.externaltools.gnu-tools-for-stm32.13.3.rel1.win32_1.0.0.202411081344/tools/bin/../lib/gcc/arm-none-eabi/13.3.1/../../../../arm-none-eabi/lib/thumb/v7-m/nofp\libc_nano.a(libc_a-findfp.o)
 .text.stdio_exit_handler
                0x0800faf4       0x18 E:/ST/STM32CubeIDE_1.18.0/STM32CubeIDE/plugins/com.st.stm32cube.ide.mcu.externaltools.gnu-tools-for-stm32.13.3.rel1.win32_1.0.0.202411081344/tools/bin/../lib/gcc/arm-none-eabi/13.3.1/../../../../arm-none-eabi/lib/thumb/v7-m/nofp\libc_nano.a(libc_a-findfp.o)
 .text.cleanup_stdio
                0x0800fb0c       0x40 E:/ST/STM32CubeIDE_1.18.0/STM32CubeIDE/plugins/com.st.stm32cube.ide.mcu.externaltools.gnu-tools-for-stm32.13.3.rel1.win32_1.0.0.202411081344/tools/bin/../lib/gcc/arm-none-eabi/13.3.1/../../../../arm-none-eabi/lib/thumb/v7-m/nofp\libc_nano.a(libc_a-findfp.o)
 .text.global_stdio_init.part.0
                0x0800fb4c       0x3c E:/ST/STM32CubeIDE_1.18.0/STM32CubeIDE/plugins/com.st.stm32cube.ide.mcu.externaltools.gnu-tools-for-stm32.13.3.rel1.win32_1.0.0.202411081344/tools/bin/../lib/gcc/arm-none-eabi/13.3.1/../../../../arm-none-eabi/lib/thumb/v7-m/nofp\libc_nano.a(libc_a-findfp.o)
 .text.__sfp_lock_acquire
                0x0800fb88        0xc E:/ST/STM32CubeIDE_1.18.0/STM32CubeIDE/plugins/com.st.stm32cube.ide.mcu.externaltools.gnu-tools-for-stm32.13.3.rel1.win32_1.0.0.202411081344/tools/bin/../lib/gcc/arm-none-eabi/13.3.1/../../../../arm-none-eabi/lib/thumb/v7-m/nofp\libc_nano.a(libc_a-findfp.o)
                0x0800fb88                __sfp_lock_acquire
 .text.__sfp_lock_release
                0x0800fb94        0xc E:/ST/STM32CubeIDE_1.18.0/STM32CubeIDE/plugins/com.st.stm32cube.ide.mcu.externaltools.gnu-tools-for-stm32.13.3.rel1.win32_1.0.0.202411081344/tools/bin/../lib/gcc/arm-none-eabi/13.3.1/../../../../arm-none-eabi/lib/thumb/v7-m/nofp\libc_nano.a(libc_a-findfp.o)
                0x0800fb94                __sfp_lock_release
 .text.__sinit  0x0800fba0       0x30 E:/ST/STM32CubeIDE_1.18.0/STM32CubeIDE/plugins/com.st.stm32cube.ide.mcu.externaltools.gnu-tools-for-stm32.13.3.rel1.win32_1.0.0.202411081344/tools/bin/../lib/gcc/arm-none-eabi/13.3.1/../../../../arm-none-eabi/lib/thumb/v7-m/nofp\libc_nano.a(libc_a-findfp.o)
                0x0800fba0                __sinit
 .text._fwalk_sglue
                0x0800fbd0       0x3c E:/ST/STM32CubeIDE_1.18.0/STM32CubeIDE/plugins/com.st.stm32cube.ide.mcu.externaltools.gnu-tools-for-stm32.13.3.rel1.win32_1.0.0.202411081344/tools/bin/../lib/gcc/arm-none-eabi/13.3.1/../../../../arm-none-eabi/lib/thumb/v7-m/nofp\libc_nano.a(libc_a-fwalk.o)
                0x0800fbd0                _fwalk_sglue
 .text.printf   0x0800fc0c       0x24 E:/ST/STM32CubeIDE_1.18.0/STM32CubeIDE/plugins/com.st.stm32cube.ide.mcu.externaltools.gnu-tools-for-stm32.13.3.rel1.win32_1.0.0.202411081344/tools/bin/../lib/gcc/arm-none-eabi/13.3.1/../../../../arm-none-eabi/lib/thumb/v7-m/nofp\libc_nano.a(libc_a-printf.o)
                0x0800fc0c                iprintf
                0x0800fc0c                printf
 .text.sprintf  0x0800fc30       0x44 E:/ST/STM32CubeIDE_1.18.0/STM32CubeIDE/plugins/com.st.stm32cube.ide.mcu.externaltools.gnu-tools-for-stm32.13.3.rel1.win32_1.0.0.202411081344/tools/bin/../lib/gcc/arm-none-eabi/13.3.1/../../../../arm-none-eabi/lib/thumb/v7-m/nofp\libc_nano.a(libc_a-sprintf.o)
                0x0800fc30                siprintf
                0x0800fc30                sprintf
 .text.__sread  0x0800fc74       0x22 E:/ST/STM32CubeIDE_1.18.0/STM32CubeIDE/plugins/com.st.stm32cube.ide.mcu.externaltools.gnu-tools-for-stm32.13.3.rel1.win32_1.0.0.202411081344/tools/bin/../lib/gcc/arm-none-eabi/13.3.1/../../../../arm-none-eabi/lib/thumb/v7-m/nofp\libc_nano.a(libc_a-stdio.o)
                0x0800fc74                __sread
 .text.__swrite
                0x0800fc96       0x38 E:/ST/STM32CubeIDE_1.18.0/STM32CubeIDE/plugins/com.st.stm32cube.ide.mcu.externaltools.gnu-tools-for-stm32.13.3.rel1.win32_1.0.0.202411081344/tools/bin/../lib/gcc/arm-none-eabi/13.3.1/../../../../arm-none-eabi/lib/thumb/v7-m/nofp\libc_nano.a(libc_a-stdio.o)
                0x0800fc96                __swrite
 .text.__sseek  0x0800fcce       0x24 E:/ST/STM32CubeIDE_1.18.0/STM32CubeIDE/plugins/com.st.stm32cube.ide.mcu.externaltools.gnu-tools-for-stm32.13.3.rel1.win32_1.0.0.202411081344/tools/bin/../lib/gcc/arm-none-eabi/13.3.1/../../../../arm-none-eabi/lib/thumb/v7-m/nofp\libc_nano.a(libc_a-stdio.o)
                0x0800fcce                __sseek
 .text.__sclose
                0x0800fcf2        0x8 E:/ST/STM32CubeIDE_1.18.0/STM32CubeIDE/plugins/com.st.stm32cube.ide.mcu.externaltools.gnu-tools-for-stm32.13.3.rel1.win32_1.0.0.202411081344/tools/bin/../lib/gcc/arm-none-eabi/13.3.1/../../../../arm-none-eabi/lib/thumb/v7-m/nofp\libc_nano.a(libc_a-stdio.o)
                0x0800fcf2                __sclose
 .text.memset   0x0800fcfa       0x10 E:/ST/STM32CubeIDE_1.18.0/STM32CubeIDE/plugins/com.st.stm32cube.ide.mcu.externaltools.gnu-tools-for-stm32.13.3.rel1.win32_1.0.0.202411081344/tools/bin/../lib/gcc/arm-none-eabi/13.3.1/../../../../arm-none-eabi/lib/thumb/v7-m/nofp\libc_nano.a(libc_a-memset.o)
                0x0800fcfa                memset
 *fill*         0x0800fd0a        0x2 
 .text._localeconv_r
                0x0800fd0c        0x8 E:/ST/STM32CubeIDE_1.18.0/STM32CubeIDE/plugins/com.st.stm32cube.ide.mcu.externaltools.gnu-tools-for-stm32.13.3.rel1.win32_1.0.0.202411081344/tools/bin/../lib/gcc/arm-none-eabi/13.3.1/../../../../arm-none-eabi/lib/thumb/v7-m/nofp\libc_nano.a(libc_a-localeconv.o)
                0x0800fd0c                _localeconv_r
 .text._close_r
                0x0800fd14       0x20 E:/ST/STM32CubeIDE_1.18.0/STM32CubeIDE/plugins/com.st.stm32cube.ide.mcu.externaltools.gnu-tools-for-stm32.13.3.rel1.win32_1.0.0.202411081344/tools/bin/../lib/gcc/arm-none-eabi/13.3.1/../../../../arm-none-eabi/lib/thumb/v7-m/nofp\libc_nano.a(libc_a-closer.o)
                0x0800fd14                _close_r
 .text._lseek_r
                0x0800fd34       0x24 E:/ST/STM32CubeIDE_1.18.0/STM32CubeIDE/plugins/com.st.stm32cube.ide.mcu.externaltools.gnu-tools-for-stm32.13.3.rel1.win32_1.0.0.202411081344/tools/bin/../lib/gcc/arm-none-eabi/13.3.1/../../../../arm-none-eabi/lib/thumb/v7-m/nofp\libc_nano.a(libc_a-lseekr.o)
                0x0800fd34                _lseek_r
 .text._read_r  0x0800fd58       0x24 E:/ST/STM32CubeIDE_1.18.0/STM32CubeIDE/plugins/com.st.stm32cube.ide.mcu.externaltools.gnu-tools-for-stm32.13.3.rel1.win32_1.0.0.202411081344/tools/bin/../lib/gcc/arm-none-eabi/13.3.1/../../../../arm-none-eabi/lib/thumb/v7-m/nofp\libc_nano.a(libc_a-readr.o)
                0x0800fd58                _read_r
 .text._write_r
                0x0800fd7c       0x24 E:/ST/STM32CubeIDE_1.18.0/STM32CubeIDE/plugins/com.st.stm32cube.ide.mcu.externaltools.gnu-tools-for-stm32.13.3.rel1.win32_1.0.0.202411081344/tools/bin/../lib/gcc/arm-none-eabi/13.3.1/../../../../arm-none-eabi/lib/thumb/v7-m/nofp\libc_nano.a(libc_a-writer.o)
                0x0800fd7c                _write_r
 .text.__errno  0x0800fda0        0xc E:/ST/STM32CubeIDE_1.18.0/STM32CubeIDE/plugins/com.st.stm32cube.ide.mcu.externaltools.gnu-tools-for-stm32.13.3.rel1.win32_1.0.0.202411081344/tools/bin/../lib/gcc/arm-none-eabi/13.3.1/../../../../arm-none-eabi/lib/thumb/v7-m/nofp\libc_nano.a(libc_a-errno.o)
                0x0800fda0                __errno
 .text.__libc_init_array
                0x0800fdac       0x48 E:/ST/STM32CubeIDE_1.18.0/STM32CubeIDE/plugins/com.st.stm32cube.ide.mcu.externaltools.gnu-tools-for-stm32.13.3.rel1.win32_1.0.0.202411081344/tools/bin/../lib/gcc/arm-none-eabi/13.3.1/../../../../arm-none-eabi/lib/thumb/v7-m/nofp\libc_nano.a(libc_a-init.o)
                0x0800fdac                __libc_init_array
 .text.__retarget_lock_init_recursive
                0x0800fdf4        0x2 E:/ST/STM32CubeIDE_1.18.0/STM32CubeIDE/plugins/com.st.stm32cube.ide.mcu.externaltools.gnu-tools-for-stm32.13.3.rel1.win32_1.0.0.202411081344/tools/bin/../lib/gcc/arm-none-eabi/13.3.1/../../../../arm-none-eabi/lib/thumb/v7-m/nofp\libc_nano.a(libc_a-lock.o)
                0x0800fdf4                __retarget_lock_init_recursive
 .text.__retarget_lock_acquire_recursive
                0x0800fdf6        0x2 E:/ST/STM32CubeIDE_1.18.0/STM32CubeIDE/plugins/com.st.stm32cube.ide.mcu.externaltools.gnu-tools-for-stm32.13.3.rel1.win32_1.0.0.202411081344/tools/bin/../lib/gcc/arm-none-eabi/13.3.1/../../../../arm-none-eabi/lib/thumb/v7-m/nofp\libc_nano.a(libc_a-lock.o)
                0x0800fdf6                __retarget_lock_acquire_recursive
 .text.__retarget_lock_release_recursive
                0x0800fdf8        0x2 E:/ST/STM32CubeIDE_1.18.0/STM32CubeIDE/plugins/com.st.stm32cube.ide.mcu.externaltools.gnu-tools-for-stm32.13.3.rel1.win32_1.0.0.202411081344/tools/bin/../lib/gcc/arm-none-eabi/13.3.1/../../../../arm-none-eabi/lib/thumb/v7-m/nofp\libc_nano.a(libc_a-lock.o)
                0x0800fdf8                __retarget_lock_release_recursive
 .text.memchr   0x0800fdfa       0x1c E:/ST/STM32CubeIDE_1.18.0/STM32CubeIDE/plugins/com.st.stm32cube.ide.mcu.externaltools.gnu-tools-for-stm32.13.3.rel1.win32_1.0.0.202411081344/tools/bin/../lib/gcc/arm-none-eabi/13.3.1/../../../../arm-none-eabi/lib/thumb/v7-m/nofp\libc_nano.a(libc_a-memchr-stub.o)
                0x0800fdfa                memchr
 *fill*         0x0800fe16        0x2 
 .text.nanf     0x0800fe18        0x8 E:/ST/STM32CubeIDE_1.18.0/STM32CubeIDE/plugins/com.st.stm32cube.ide.mcu.externaltools.gnu-tools-for-stm32.13.3.rel1.win32_1.0.0.202411081344/tools/bin/../lib/gcc/arm-none-eabi/13.3.1/../../../../arm-none-eabi/lib/thumb/v7-m/nofp\libc_nano.a(libm_a-sf_nan.o)
                0x0800fe18                nanf
 .text.quorem   0x0800fe20      0x110 E:/ST/STM32CubeIDE_1.18.0/STM32CubeIDE/plugins/com.st.stm32cube.ide.mcu.externaltools.gnu-tools-for-stm32.13.3.rel1.win32_1.0.0.202411081344/tools/bin/../lib/gcc/arm-none-eabi/13.3.1/../../../../arm-none-eabi/lib/thumb/v7-m/nofp\libc_nano.a(libc_a-dtoa.o)
 .text._dtoa_r  0x0800ff30      0xba8 E:/ST/STM32CubeIDE_1.18.0/STM32CubeIDE/plugins/com.st.stm32cube.ide.mcu.externaltools.gnu-tools-for-stm32.13.3.rel1.win32_1.0.0.202411081344/tools/bin/../lib/gcc/arm-none-eabi/13.3.1/../../../../arm-none-eabi/lib/thumb/v7-m/nofp\libc_nano.a(libc_a-dtoa.o)
                0x0800ff30                _dtoa_r
 .text._free_r  0x08010ad8       0x90 E:/ST/STM32CubeIDE_1.18.0/STM32CubeIDE/plugins/com.st.stm32cube.ide.mcu.externaltools.gnu-tools-for-stm32.13.3.rel1.win32_1.0.0.202411081344/tools/bin/../lib/gcc/arm-none-eabi/13.3.1/../../../../arm-none-eabi/lib/thumb/v7-m/nofp\libc_nano.a(libc_a-freer.o)
                0x08010ad8                _free_r
 .text.malloc   0x08010b68       0x10 E:/ST/STM32CubeIDE_1.18.0/STM32CubeIDE/plugins/com.st.stm32cube.ide.mcu.externaltools.gnu-tools-for-stm32.13.3.rel1.win32_1.0.0.202411081344/tools/bin/../lib/gcc/arm-none-eabi/13.3.1/../../../../arm-none-eabi/lib/thumb/v7-m/nofp\libc_nano.a(libc_a-malloc.o)
                0x08010b68                malloc
 .text.sbrk_aligned
                0x08010b78       0x44 E:/ST/STM32CubeIDE_1.18.0/STM32CubeIDE/plugins/com.st.stm32cube.ide.mcu.externaltools.gnu-tools-for-stm32.13.3.rel1.win32_1.0.0.202411081344/tools/bin/../lib/gcc/arm-none-eabi/13.3.1/../../../../arm-none-eabi/lib/thumb/v7-m/nofp\libc_nano.a(libc_a-mallocr.o)
 .text._malloc_r
                0x08010bbc      0x100 E:/ST/STM32CubeIDE_1.18.0/STM32CubeIDE/plugins/com.st.stm32cube.ide.mcu.externaltools.gnu-tools-for-stm32.13.3.rel1.win32_1.0.0.202411081344/tools/bin/../lib/gcc/arm-none-eabi/13.3.1/../../../../arm-none-eabi/lib/thumb/v7-m/nofp\libc_nano.a(libc_a-mallocr.o)
                0x08010bbc                _malloc_r
 .text.__malloc_lock
                0x08010cbc        0xc E:/ST/STM32CubeIDE_1.18.0/STM32CubeIDE/plugins/com.st.stm32cube.ide.mcu.externaltools.gnu-tools-for-stm32.13.3.rel1.win32_1.0.0.202411081344/tools/bin/../lib/gcc/arm-none-eabi/13.3.1/../../../../arm-none-eabi/lib/thumb/v7-m/nofp\libc_nano.a(libc_a-mlock.o)
                0x08010cbc                __malloc_lock
 .text.__malloc_unlock
                0x08010cc8        0xc E:/ST/STM32CubeIDE_1.18.0/STM32CubeIDE/plugins/com.st.stm32cube.ide.mcu.externaltools.gnu-tools-for-stm32.13.3.rel1.win32_1.0.0.202411081344/tools/bin/../lib/gcc/arm-none-eabi/13.3.1/../../../../arm-none-eabi/lib/thumb/v7-m/nofp\libc_nano.a(libc_a-mlock.o)
                0x08010cc8                __malloc_unlock
 .text._Balloc  0x08010cd4       0x80 E:/ST/STM32CubeIDE_1.18.0/STM32CubeIDE/plugins/com.st.stm32cube.ide.mcu.externaltools.gnu-tools-for-stm32.13.3.rel1.win32_1.0.0.202411081344/tools/bin/../lib/gcc/arm-none-eabi/13.3.1/../../../../arm-none-eabi/lib/thumb/v7-m/nofp\libc_nano.a(libc_a-mprec.o)
                0x08010cd4                _Balloc
 .text._Bfree   0x08010d54       0x44 E:/ST/STM32CubeIDE_1.18.0/STM32CubeIDE/plugins/com.st.stm32cube.ide.mcu.externaltools.gnu-tools-for-stm32.13.3.rel1.win32_1.0.0.202411081344/tools/bin/../lib/gcc/arm-none-eabi/13.3.1/../../../../arm-none-eabi/lib/thumb/v7-m/nofp\libc_nano.a(libc_a-mprec.o)
                0x08010d54                _Bfree
 .text.__multadd
                0x08010d98       0x8c E:/ST/STM32CubeIDE_1.18.0/STM32CubeIDE/plugins/com.st.stm32cube.ide.mcu.externaltools.gnu-tools-for-stm32.13.3.rel1.win32_1.0.0.202411081344/tools/bin/../lib/gcc/arm-none-eabi/13.3.1/../../../../arm-none-eabi/lib/thumb/v7-m/nofp\libc_nano.a(libc_a-mprec.o)
                0x08010d98                __multadd
 .text.__s2b    0x08010e24       0x94 E:/ST/STM32CubeIDE_1.18.0/STM32CubeIDE/plugins/com.st.stm32cube.ide.mcu.externaltools.gnu-tools-for-stm32.13.3.rel1.win32_1.0.0.202411081344/tools/bin/../lib/gcc/arm-none-eabi/13.3.1/../../../../arm-none-eabi/lib/thumb/v7-m/nofp\libc_nano.a(libc_a-mprec.o)
                0x08010e24                __s2b
 .text.__hi0bits
                0x08010eb8       0x3e E:/ST/STM32CubeIDE_1.18.0/STM32CubeIDE/plugins/com.st.stm32cube.ide.mcu.externaltools.gnu-tools-for-stm32.13.3.rel1.win32_1.0.0.202411081344/tools/bin/../lib/gcc/arm-none-eabi/13.3.1/../../../../arm-none-eabi/lib/thumb/v7-m/nofp\libc_nano.a(libc_a-mprec.o)
                0x08010eb8                __hi0bits
 .text.__lo0bits
                0x08010ef6       0x5a E:/ST/STM32CubeIDE_1.18.0/STM32CubeIDE/plugins/com.st.stm32cube.ide.mcu.externaltools.gnu-tools-for-stm32.13.3.rel1.win32_1.0.0.202411081344/tools/bin/../lib/gcc/arm-none-eabi/13.3.1/../../../../arm-none-eabi/lib/thumb/v7-m/nofp\libc_nano.a(libc_a-mprec.o)
                0x08010ef6                __lo0bits
 .text.__i2b    0x08010f50       0x2c E:/ST/STM32CubeIDE_1.18.0/STM32CubeIDE/plugins/com.st.stm32cube.ide.mcu.externaltools.gnu-tools-for-stm32.13.3.rel1.win32_1.0.0.202411081344/tools/bin/../lib/gcc/arm-none-eabi/13.3.1/../../../../arm-none-eabi/lib/thumb/v7-m/nofp\libc_nano.a(libc_a-mprec.o)
                0x08010f50                __i2b
 .text.__multiply
                0x08010f7c      0x144 E:/ST/STM32CubeIDE_1.18.0/STM32CubeIDE/plugins/com.st.stm32cube.ide.mcu.externaltools.gnu-tools-for-stm32.13.3.rel1.win32_1.0.0.202411081344/tools/bin/../lib/gcc/arm-none-eabi/13.3.1/../../../../arm-none-eabi/lib/thumb/v7-m/nofp\libc_nano.a(libc_a-mprec.o)
                0x08010f7c                __multiply
 .text.__pow5mult
                0x080110c0       0xb4 E:/ST/STM32CubeIDE_1.18.0/STM32CubeIDE/plugins/com.st.stm32cube.ide.mcu.externaltools.gnu-tools-for-stm32.13.3.rel1.win32_1.0.0.202411081344/tools/bin/../lib/gcc/arm-none-eabi/13.3.1/../../../../arm-none-eabi/lib/thumb/v7-m/nofp\libc_nano.a(libc_a-mprec.o)
                0x080110c0                __pow5mult
 .text.__lshift
                0x08011174       0xd8 E:/ST/STM32CubeIDE_1.18.0/STM32CubeIDE/plugins/com.st.stm32cube.ide.mcu.externaltools.gnu-tools-for-stm32.13.3.rel1.win32_1.0.0.202411081344/tools/bin/../lib/gcc/arm-none-eabi/13.3.1/../../../../arm-none-eabi/lib/thumb/v7-m/nofp\libc_nano.a(libc_a-mprec.o)
                0x08011174                __lshift
 .text.__mcmp   0x0801124c       0x36 E:/ST/STM32CubeIDE_1.18.0/STM32CubeIDE/plugins/com.st.stm32cube.ide.mcu.externaltools.gnu-tools-for-stm32.13.3.rel1.win32_1.0.0.202411081344/tools/bin/../lib/gcc/arm-none-eabi/13.3.1/../../../../arm-none-eabi/lib/thumb/v7-m/nofp\libc_nano.a(libc_a-mprec.o)
                0x0801124c                __mcmp
 *fill*         0x08011282        0x2 
 .text.__mdiff  0x08011284      0x128 E:/ST/STM32CubeIDE_1.18.0/STM32CubeIDE/plugins/com.st.stm32cube.ide.mcu.externaltools.gnu-tools-for-stm32.13.3.rel1.win32_1.0.0.202411081344/tools/bin/../lib/gcc/arm-none-eabi/13.3.1/../../../../arm-none-eabi/lib/thumb/v7-m/nofp\libc_nano.a(libc_a-mprec.o)
                0x08011284                __mdiff
 .text.__ulp    0x080113ac       0x40 E:/ST/STM32CubeIDE_1.18.0/STM32CubeIDE/plugins/com.st.stm32cube.ide.mcu.externaltools.gnu-tools-for-stm32.13.3.rel1.win32_1.0.0.202411081344/tools/bin/../lib/gcc/arm-none-eabi/13.3.1/../../../../arm-none-eabi/lib/thumb/v7-m/nofp\libc_nano.a(libc_a-mprec.o)
                0x080113ac                __ulp
 .text.__b2d    0x080113ec       0x90 E:/ST/STM32CubeIDE_1.18.0/STM32CubeIDE/plugins/com.st.stm32cube.ide.mcu.externaltools.gnu-tools-for-stm32.13.3.rel1.win32_1.0.0.202411081344/tools/bin/../lib/gcc/arm-none-eabi/13.3.1/../../../../arm-none-eabi/lib/thumb/v7-m/nofp\libc_nano.a(libc_a-mprec.o)
                0x080113ec                __b2d
 .text.__d2b    0x0801147c       0xb0 E:/ST/STM32CubeIDE_1.18.0/STM32CubeIDE/plugins/com.st.stm32cube.ide.mcu.externaltools.gnu-tools-for-stm32.13.3.rel1.win32_1.0.0.202411081344/tools/bin/../lib/gcc/arm-none-eabi/13.3.1/../../../../arm-none-eabi/lib/thumb/v7-m/nofp\libc_nano.a(libc_a-mprec.o)
                0x0801147c                __d2b
 .text.__ratio  0x0801152c       0x60 E:/ST/STM32CubeIDE_1.18.0/STM32CubeIDE/plugins/com.st.stm32cube.ide.mcu.externaltools.gnu-tools-for-stm32.13.3.rel1.win32_1.0.0.202411081344/tools/bin/../lib/gcc/arm-none-eabi/13.3.1/../../../../arm-none-eabi/lib/thumb/v7-m/nofp\libc_nano.a(libc_a-mprec.o)
                0x0801152c                __ratio
 .text.__copybits
                0x0801158c       0x46 E:/ST/STM32CubeIDE_1.18.0/STM32CubeIDE/plugins/com.st.stm32cube.ide.mcu.externaltools.gnu-tools-for-stm32.13.3.rel1.win32_1.0.0.202411081344/tools/bin/../lib/gcc/arm-none-eabi/13.3.1/../../../../arm-none-eabi/lib/thumb/v7-m/nofp\libc_nano.a(libc_a-mprec.o)
                0x0801158c                __copybits
 .text.__any_on
                0x080115d2       0x42 E:/ST/STM32CubeIDE_1.18.0/STM32CubeIDE/plugins/com.st.stm32cube.ide.mcu.externaltools.gnu-tools-for-stm32.13.3.rel1.win32_1.0.0.202411081344/tools/bin/../lib/gcc/arm-none-eabi/13.3.1/../../../../arm-none-eabi/lib/thumb/v7-m/nofp\libc_nano.a(libc_a-mprec.o)
                0x080115d2                __any_on
 .text.sulp     0x08011614       0x42 E:/ST/STM32CubeIDE_1.18.0/STM32CubeIDE/plugins/com.st.stm32cube.ide.mcu.externaltools.gnu-tools-for-stm32.13.3.rel1.win32_1.0.0.202411081344/tools/bin/../lib/gcc/arm-none-eabi/13.3.1/../../../../arm-none-eabi/lib/thumb/v7-m/nofp\libc_nano.a(libc_a-strtod.o)
 *fill*         0x08011656        0x2 
 .text._strtod_l
                0x08011658      0xbb0 E:/ST/STM32CubeIDE_1.18.0/STM32CubeIDE/plugins/com.st.stm32cube.ide.mcu.externaltools.gnu-tools-for-stm32.13.3.rel1.win32_1.0.0.202411081344/tools/bin/../lib/gcc/arm-none-eabi/13.3.1/../../../../arm-none-eabi/lib/thumb/v7-m/nofp\libc_nano.a(libc_a-strtod.o)
                0x08011658                _strtod_l
 .text._strtod_r
                0x08012208        0xc E:/ST/STM32CubeIDE_1.18.0/STM32CubeIDE/plugins/com.st.stm32cube.ide.mcu.externaltools.gnu-tools-for-stm32.13.3.rel1.win32_1.0.0.202411081344/tools/bin/../lib/gcc/arm-none-eabi/13.3.1/../../../../arm-none-eabi/lib/thumb/v7-m/nofp\libc_nano.a(libc_a-strtod.o)
                0x08012208                _strtod_r
 .text.__ssputs_r
                0x08012214       0xb6 E:/ST/STM32CubeIDE_1.18.0/STM32CubeIDE/plugins/com.st.stm32cube.ide.mcu.externaltools.gnu-tools-for-stm32.13.3.rel1.win32_1.0.0.202411081344/tools/bin/../lib/gcc/arm-none-eabi/13.3.1/../../../../arm-none-eabi/lib/thumb/v7-m/nofp\libc_nano.a(libc_a-nano-svfprintf.o)
                0x08012214                __ssputs_r
 *fill*         0x080122ca        0x2 
 .text._svfprintf_r
                0x080122cc      0x1f8 E:/ST/STM32CubeIDE_1.18.0/STM32CubeIDE/plugins/com.st.stm32cube.ide.mcu.externaltools.gnu-tools-for-stm32.13.3.rel1.win32_1.0.0.202411081344/tools/bin/../lib/gcc/arm-none-eabi/13.3.1/../../../../arm-none-eabi/lib/thumb/v7-m/nofp\libc_nano.a(libc_a-nano-svfprintf.o)
                0x080122cc                _svfiprintf_r
                0x080122cc                _svfprintf_r
 .text.__sfputc_r
                0x080124c4       0x2a E:/ST/STM32CubeIDE_1.18.0/STM32CubeIDE/plugins/com.st.stm32cube.ide.mcu.externaltools.gnu-tools-for-stm32.13.3.rel1.win32_1.0.0.202411081344/tools/bin/../lib/gcc/arm-none-eabi/13.3.1/../../../../arm-none-eabi/lib/thumb/v7-m/nofp\libc_nano.a(libc_a-nano-vfprintf.o)
 .text.__sfputs_r
                0x080124ee       0x24 E:/ST/STM32CubeIDE_1.18.0/STM32CubeIDE/plugins/com.st.stm32cube.ide.mcu.externaltools.gnu-tools-for-stm32.13.3.rel1.win32_1.0.0.202411081344/tools/bin/../lib/gcc/arm-none-eabi/13.3.1/../../../../arm-none-eabi/lib/thumb/v7-m/nofp\libc_nano.a(libc_a-nano-vfprintf.o)
                0x080124ee                __sfputs_r
 *fill*         0x08012512        0x2 
 .text._vfprintf_r
                0x08012514      0x230 E:/ST/STM32CubeIDE_1.18.0/STM32CubeIDE/plugins/com.st.stm32cube.ide.mcu.externaltools.gnu-tools-for-stm32.13.3.rel1.win32_1.0.0.202411081344/tools/bin/../lib/gcc/arm-none-eabi/13.3.1/../../../../arm-none-eabi/lib/thumb/v7-m/nofp\libc_nano.a(libc_a-nano-vfprintf.o)
                0x08012514                _vfprintf_r
                0x08012514                _vfiprintf_r
 .text.__sflush_r
                0x08012744      0x100 E:/ST/STM32CubeIDE_1.18.0/STM32CubeIDE/plugins/com.st.stm32cube.ide.mcu.externaltools.gnu-tools-for-stm32.13.3.rel1.win32_1.0.0.202411081344/tools/bin/../lib/gcc/arm-none-eabi/13.3.1/../../../../arm-none-eabi/lib/thumb/v7-m/nofp\libc_nano.a(libc_a-fflush.o)
                0x08012744                __sflush_r
 .text._fflush_r
                0x08012844       0x50 E:/ST/STM32CubeIDE_1.18.0/STM32CubeIDE/plugins/com.st.stm32cube.ide.mcu.externaltools.gnu-tools-for-stm32.13.3.rel1.win32_1.0.0.202411081344/tools/bin/../lib/gcc/arm-none-eabi/13.3.1/../../../../arm-none-eabi/lib/thumb/v7-m/nofp\libc_nano.a(libc_a-fflush.o)
                0x08012844                _fflush_r
 .text.__swbuf_r
                0x08012894       0x7c E:/ST/STM32CubeIDE_1.18.0/STM32CubeIDE/plugins/com.st.stm32cube.ide.mcu.externaltools.gnu-tools-for-stm32.13.3.rel1.win32_1.0.0.202411081344/tools/bin/../lib/gcc/arm-none-eabi/13.3.1/../../../../arm-none-eabi/lib/thumb/v7-m/nofp\libc_nano.a(libc_a-wbuf.o)
                0x08012894                __swbuf_r
 .text.__swsetup_r
                0x08012910       0xac E:/ST/STM32CubeIDE_1.18.0/STM32CubeIDE/plugins/com.st.stm32cube.ide.mcu.externaltools.gnu-tools-for-stm32.13.3.rel1.win32_1.0.0.202411081344/tools/bin/../lib/gcc/arm-none-eabi/13.3.1/../../../../arm-none-eabi/lib/thumb/v7-m/nofp\libc_nano.a(libc_a-wsetup.o)
                0x08012910                __swsetup_r
 .text.memmove  0x080129bc       0x34 E:/ST/STM32CubeIDE_1.18.0/STM32CubeIDE/plugins/com.st.stm32cube.ide.mcu.externaltools.gnu-tools-for-stm32.13.3.rel1.win32_1.0.0.202411081344/tools/bin/../lib/gcc/arm-none-eabi/13.3.1/../../../../arm-none-eabi/lib/thumb/v7-m/nofp\libc_nano.a(libc_a-memmove.o)
                0x080129bc                memmove
 .text.strncmp  0x080129f0       0x24 E:/ST/STM32CubeIDE_1.18.0/STM32CubeIDE/plugins/com.st.stm32cube.ide.mcu.externaltools.gnu-tools-for-stm32.13.3.rel1.win32_1.0.0.202411081344/tools/bin/../lib/gcc/arm-none-eabi/13.3.1/../../../../arm-none-eabi/lib/thumb/v7-m/nofp\libc_nano.a(libc_a-strncmp.o)
                0x080129f0                strncmp
 .text._sbrk_r  0x08012a14       0x20 E:/ST/STM32CubeIDE_1.18.0/STM32CubeIDE/plugins/com.st.stm32cube.ide.mcu.externaltools.gnu-tools-for-stm32.13.3.rel1.win32_1.0.0.202411081344/tools/bin/../lib/gcc/arm-none-eabi/13.3.1/../../../../arm-none-eabi/lib/thumb/v7-m/nofp\libc_nano.a(libc_a-sbrkr.o)
                0x08012a14                _sbrk_r
 .text.memcpy   0x08012a34       0x1c E:/ST/STM32CubeIDE_1.18.0/STM32CubeIDE/plugins/com.st.stm32cube.ide.mcu.externaltools.gnu-tools-for-stm32.13.3.rel1.win32_1.0.0.202411081344/tools/bin/../lib/gcc/arm-none-eabi/13.3.1/../../../../arm-none-eabi/lib/thumb/v7-m/nofp\libc_nano.a(libc_a-memcpy-stub.o)
                0x08012a34                memcpy
 .text.nan      0x08012a50        0xc E:/ST/STM32CubeIDE_1.18.0/STM32CubeIDE/plugins/com.st.stm32cube.ide.mcu.externaltools.gnu-tools-for-stm32.13.3.rel1.win32_1.0.0.202411081344/tools/bin/../lib/gcc/arm-none-eabi/13.3.1/../../../../arm-none-eabi/lib/thumb/v7-m/nofp\libc_nano.a(libm_a-s_nan.o)
                0x08012a50                nan
 .text.__assert_func
                0x08012a5c       0x3c E:/ST/STM32CubeIDE_1.18.0/STM32CubeIDE/plugins/com.st.stm32cube.ide.mcu.externaltools.gnu-tools-for-stm32.13.3.rel1.win32_1.0.0.202411081344/tools/bin/../lib/gcc/arm-none-eabi/13.3.1/../../../../arm-none-eabi/lib/thumb/v7-m/nofp\libc_nano.a(libc_a-assert.o)
                0x08012a5c                __assert_func
 .text._calloc_r
                0x08012a98       0x28 E:/ST/STM32CubeIDE_1.18.0/STM32CubeIDE/plugins/com.st.stm32cube.ide.mcu.externaltools.gnu-tools-for-stm32.13.3.rel1.win32_1.0.0.202411081344/tools/bin/../lib/gcc/arm-none-eabi/13.3.1/../../../../arm-none-eabi/lib/thumb/v7-m/nofp\libc_nano.a(libc_a-callocr.o)
                0x08012a98                _calloc_r
 .text.rshift   0x08012ac0       0xa6 E:/ST/STM32CubeIDE_1.18.0/STM32CubeIDE/plugins/com.st.stm32cube.ide.mcu.externaltools.gnu-tools-for-stm32.13.3.rel1.win32_1.0.0.202411081344/tools/bin/../lib/gcc/arm-none-eabi/13.3.1/../../../../arm-none-eabi/lib/thumb/v7-m/nofp\libc_nano.a(libc_a-gdtoa-gethex.o)
 .text.__hexdig_fun
                0x08012b66       0x2a E:/ST/STM32CubeIDE_1.18.0/STM32CubeIDE/plugins/com.st.stm32cube.ide.mcu.externaltools.gnu-tools-for-stm32.13.3.rel1.win32_1.0.0.202411081344/tools/bin/../lib/gcc/arm-none-eabi/13.3.1/../../../../arm-none-eabi/lib/thumb/v7-m/nofp\libc_nano.a(libc_a-gdtoa-gethex.o)
                0x08012b66                __hexdig_fun
 .text.__gethex
                0x08012b90      0x420 E:/ST/STM32CubeIDE_1.18.0/STM32CubeIDE/plugins/com.st.stm32cube.ide.mcu.externaltools.gnu-tools-for-stm32.13.3.rel1.win32_1.0.0.202411081344/tools/bin/../lib/gcc/arm-none-eabi/13.3.1/../../../../arm-none-eabi/lib/thumb/v7-m/nofp\libc_nano.a(libc_a-gdtoa-gethex.o)
                0x08012b90                __gethex
 .text.L_shift  0x08012fb0       0x24 E:/ST/STM32CubeIDE_1.18.0/STM32CubeIDE/plugins/com.st.stm32cube.ide.mcu.externaltools.gnu-tools-for-stm32.13.3.rel1.win32_1.0.0.202411081344/tools/bin/../lib/gcc/arm-none-eabi/13.3.1/../../../../arm-none-eabi/lib/thumb/v7-m/nofp\libc_nano.a(libc_a-gdtoa-hexnan.o)
 .text.__match  0x08012fd4       0x28 E:/ST/STM32CubeIDE_1.18.0/STM32CubeIDE/plugins/com.st.stm32cube.ide.mcu.externaltools.gnu-tools-for-stm32.13.3.rel1.win32_1.0.0.202411081344/tools/bin/../lib/gcc/arm-none-eabi/13.3.1/../../../../arm-none-eabi/lib/thumb/v7-m/nofp\libc_nano.a(libc_a-gdtoa-hexnan.o)
                0x08012fd4                __match
 .text.__hexnan
                0x08012ffc      0x136 E:/ST/STM32CubeIDE_1.18.0/STM32CubeIDE/plugins/com.st.stm32cube.ide.mcu.externaltools.gnu-tools-for-stm32.13.3.rel1.win32_1.0.0.202411081344/tools/bin/../lib/gcc/arm-none-eabi/13.3.1/../../../../arm-none-eabi/lib/thumb/v7-m/nofp\libc_nano.a(libc_a-gdtoa-hexnan.o)
                0x08012ffc                __hexnan
 .text.__ascii_mbtowc
                0x08013132       0x24 E:/ST/STM32CubeIDE_1.18.0/STM32CubeIDE/plugins/com.st.stm32cube.ide.mcu.externaltools.gnu-tools-for-stm32.13.3.rel1.win32_1.0.0.202411081344/tools/bin/../lib/gcc/arm-none-eabi/13.3.1/../../../../arm-none-eabi/lib/thumb/v7-m/nofp\libc_nano.a(libc_a-mbtowc_r.o)
                0x08013132                __ascii_mbtowc
 .text._realloc_r
                0x08013156       0x5c E:/ST/STM32CubeIDE_1.18.0/STM32CubeIDE/plugins/com.st.stm32cube.ide.mcu.externaltools.gnu-tools-for-stm32.13.3.rel1.win32_1.0.0.202411081344/tools/bin/../lib/gcc/arm-none-eabi/13.3.1/../../../../arm-none-eabi/lib/thumb/v7-m/nofp\libc_nano.a(libc_a-reallocr.o)
                0x08013156                _realloc_r
 .text.__ascii_wctomb
                0x080131b2       0x1a E:/ST/STM32CubeIDE_1.18.0/STM32CubeIDE/plugins/com.st.stm32cube.ide.mcu.externaltools.gnu-tools-for-stm32.13.3.rel1.win32_1.0.0.202411081344/tools/bin/../lib/gcc/arm-none-eabi/13.3.1/../../../../arm-none-eabi/lib/thumb/v7-m/nofp\libc_nano.a(libc_a-wctomb_r.o)
                0x080131b2                __ascii_wctomb
 .text.fprintf  0x080131cc       0x24 E:/ST/STM32CubeIDE_1.18.0/STM32CubeIDE/plugins/com.st.stm32cube.ide.mcu.externaltools.gnu-tools-for-stm32.13.3.rel1.win32_1.0.0.202411081344/tools/bin/../lib/gcc/arm-none-eabi/13.3.1/../../../../arm-none-eabi/lib/thumb/v7-m/nofp\libc_nano.a(libc_a-fprintf.o)
                0x080131cc                fiprintf
                0x080131cc                fprintf
 .text.__swhatbuf_r
                0x080131f0       0x4a E:/ST/STM32CubeIDE_1.18.0/STM32CubeIDE/plugins/com.st.stm32cube.ide.mcu.externaltools.gnu-tools-for-stm32.13.3.rel1.win32_1.0.0.202411081344/tools/bin/../lib/gcc/arm-none-eabi/13.3.1/../../../../arm-none-eabi/lib/thumb/v7-m/nofp\libc_nano.a(libc_a-makebuf.o)
                0x080131f0                __swhatbuf_r
 .text.__smakebuf_r
                0x0801323a       0x78 E:/ST/STM32CubeIDE_1.18.0/STM32CubeIDE/plugins/com.st.stm32cube.ide.mcu.externaltools.gnu-tools-for-stm32.13.3.rel1.win32_1.0.0.202411081344/tools/bin/../lib/gcc/arm-none-eabi/13.3.1/../../../../arm-none-eabi/lib/thumb/v7-m/nofp\libc_nano.a(libc_a-makebuf.o)
                0x0801323a                __smakebuf_r
 *fill*         0x080132b2        0x2 
 .text._fstat_r
                0x080132b4       0x24 E:/ST/STM32CubeIDE_1.18.0/STM32CubeIDE/plugins/com.st.stm32cube.ide.mcu.externaltools.gnu-tools-for-stm32.13.3.rel1.win32_1.0.0.202411081344/tools/bin/../lib/gcc/arm-none-eabi/13.3.1/../../../../arm-none-eabi/lib/thumb/v7-m/nofp\libc_nano.a(libc_a-fstatr.o)
                0x080132b4                _fstat_r
 .text._isatty_r
                0x080132d8       0x20 E:/ST/STM32CubeIDE_1.18.0/STM32CubeIDE/plugins/com.st.stm32cube.ide.mcu.externaltools.gnu-tools-for-stm32.13.3.rel1.win32_1.0.0.202411081344/tools/bin/../lib/gcc/arm-none-eabi/13.3.1/../../../../arm-none-eabi/lib/thumb/v7-m/nofp\libc_nano.a(libc_a-isattyr.o)
                0x080132d8                _isatty_r
 .text.abort    0x080132f8        0xe E:/ST/STM32CubeIDE_1.18.0/STM32CubeIDE/plugins/com.st.stm32cube.ide.mcu.externaltools.gnu-tools-for-stm32.13.3.rel1.win32_1.0.0.202411081344/tools/bin/../lib/gcc/arm-none-eabi/13.3.1/../../../../arm-none-eabi/lib/thumb/v7-m/nofp\libc_nano.a(libc_a-abort.o)
                0x080132f8                abort
 .text._malloc_usable_size_r
                0x08013306       0x10 E:/ST/STM32CubeIDE_1.18.0/STM32CubeIDE/plugins/com.st.stm32cube.ide.mcu.externaltools.gnu-tools-for-stm32.13.3.rel1.win32_1.0.0.202411081344/tools/bin/../lib/gcc/arm-none-eabi/13.3.1/../../../../arm-none-eabi/lib/thumb/v7-m/nofp\libc_nano.a(libc_a-msizer.o)
                0x08013306                _malloc_usable_size_r
 .text._raise_r
                0x08013316       0x50 E:/ST/STM32CubeIDE_1.18.0/STM32CubeIDE/plugins/com.st.stm32cube.ide.mcu.externaltools.gnu-tools-for-stm32.13.3.rel1.win32_1.0.0.202411081344/tools/bin/../lib/gcc/arm-none-eabi/13.3.1/../../../../arm-none-eabi/lib/thumb/v7-m/nofp\libc_nano.a(libc_a-signal.o)
                0x08013316                _raise_r
 *fill*         0x08013366        0x2 
 .text.raise    0x08013368       0x10 E:/ST/STM32CubeIDE_1.18.0/STM32CubeIDE/plugins/com.st.stm32cube.ide.mcu.externaltools.gnu-tools-for-stm32.13.3.rel1.win32_1.0.0.202411081344/tools/bin/../lib/gcc/arm-none-eabi/13.3.1/../../../../arm-none-eabi/lib/thumb/v7-m/nofp\libc_nano.a(libc_a-signal.o)
                0x08013368                raise
 .text._kill_r  0x08013378       0x24 E:/ST/STM32CubeIDE_1.18.0/STM32CubeIDE/plugins/com.st.stm32cube.ide.mcu.externaltools.gnu-tools-for-stm32.13.3.rel1.win32_1.0.0.202411081344/tools/bin/../lib/gcc/arm-none-eabi/13.3.1/../../../../arm-none-eabi/lib/thumb/v7-m/nofp\libc_nano.a(libc_a-signalr.o)
                0x08013378                _kill_r
 .text._getpid_r
                0x0801339c        0x4 E:/ST/STM32CubeIDE_1.18.0/STM32CubeIDE/plugins/com.st.stm32cube.ide.mcu.externaltools.gnu-tools-for-stm32.13.3.rel1.win32_1.0.0.202411081344/tools/bin/../lib/gcc/arm-none-eabi/13.3.1/../../../../arm-none-eabi/lib/thumb/v7-m/nofp\libc_nano.a(libc_a-signalr.o)
                0x0801339c                _getpid_r
 *(.glue_7)
 .glue_7        0x080133a0        0x0 linker stubs
 *(.glue_7t)
 .glue_7t       0x080133a0        0x0 linker stubs
 *(.eh_frame)
 .eh_frame      0x080133a0        0x0 E:/ST/STM32CubeIDE_1.18.0/STM32CubeIDE/plugins/com.st.stm32cube.ide.mcu.externaltools.gnu-tools-for-stm32.13.3.rel1.win32_1.0.0.202411081344/tools/bin/../lib/gcc/arm-none-eabi/13.3.1/thumb/v7-m/nofp/crtbegin.o
 *(.init)
 .init          0x080133a0        0x4 E:/ST/STM32CubeIDE_1.18.0/STM32CubeIDE/plugins/com.st.stm32cube.ide.mcu.externaltools.gnu-tools-for-stm32.13.3.rel1.win32_1.0.0.202411081344/tools/bin/../lib/gcc/arm-none-eabi/13.3.1/thumb/v7-m/nofp/crti.o
                0x080133a0                _init
 .init          0x080133a4        0x8 E:/ST/STM32CubeIDE_1.18.0/STM32CubeIDE/plugins/com.st.stm32cube.ide.mcu.externaltools.gnu-tools-for-stm32.13.3.rel1.win32_1.0.0.202411081344/tools/bin/../lib/gcc/arm-none-eabi/13.3.1/thumb/v7-m/nofp/crtn.o
 *(.fini)
 .fini          0x080133ac        0x4 E:/ST/STM32CubeIDE_1.18.0/STM32CubeIDE/plugins/com.st.stm32cube.ide.mcu.externaltools.gnu-tools-for-stm32.13.3.rel1.win32_1.0.0.202411081344/tools/bin/../lib/gcc/arm-none-eabi/13.3.1/thumb/v7-m/nofp/crti.o
                0x080133ac                _fini
 .fini          0x080133b0        0x8 E:/ST/STM32CubeIDE_1.18.0/STM32CubeIDE/plugins/com.st.stm32cube.ide.mcu.externaltools.gnu-tools-for-stm32.13.3.rel1.win32_1.0.0.202411081344/tools/bin/../lib/gcc/arm-none-eabi/13.3.1/thumb/v7-m/nofp/crtn.o
                0x080133b8                        . = ALIGN (0x4)
                0x080133b8                        _etext = .

.vfp11_veneer   0x080133b8        0x0
 .vfp11_veneer  0x080133b8        0x0 linker stubs

.v4_bx          0x080133b8        0x0
 .v4_bx         0x080133b8        0x0 linker stubs

.iplt           0x080133b8        0x0
 .iplt          0x080133b8        0x0 E:/ST/STM32CubeIDE_1.18.0/STM32CubeIDE/plugins/com.st.stm32cube.ide.mcu.externaltools.gnu-tools-for-stm32.13.3.rel1.win32_1.0.0.202411081344/tools/bin/../lib/gcc/arm-none-eabi/13.3.1/thumb/v7-m/nofp/crtbegin.o

.rodata         0x080133b8     0x3710
                0x080133b8                        . = ALIGN (0x4)
 *(.rodata)
 .rodata        0x080133b8      0x20b ./Core/Src/interface.o
 *fill*         0x080135c3        0x1 
 .rodata        0x080135c4        0xc ./Drivers/BSP/LCD/lcd.o
 .rodata        0x080135d0        0xc ./Drivers/BSP/TOUCH/ft5206.o
 .rodata        0x080135dc       0x28 ./Drivers/BSP/TOUCH/gt9xxx.o
 .rodata        0x08013604       0xbc ./Drivers/BSP/TOUCH/touch.o
 *(.rodata*)
 .rodata.AHBPrescTable
                0x080136c0       0x10 ./Core/Src/system_stm32f1xx.o
                0x080136c0                AHBPrescTable
 .rodata.APBPrescTable
                0x080136d0        0x8 ./Core/Src/system_stm32f1xx.o
                0x080136d0                APBPrescTable
 .rodata.asc2_1206
                0x080136d8      0x474 ./Drivers/BSP/LCD/lcd.o
                0x080136d8                asc2_1206
 .rodata.asc2_1608
                0x08013b4c      0x5f0 ./Drivers/BSP/LCD/lcd.o
                0x08013b4c                asc2_1608
 .rodata.asc2_2412
                0x0801413c      0xd5c ./Drivers/BSP/LCD/lcd.o
                0x0801413c                asc2_2412
 .rodata.asc2_3216
                0x08014e98     0x17c0 ./Drivers/BSP/LCD/lcd.o
                0x08014e98                asc2_3216
 .rodata.FT5206_TPX_TBL
                0x08016658        0xa ./Drivers/BSP/TOUCH/ft5206.o
                0x08016658                FT5206_TPX_TBL
 *fill*         0x08016662        0x2 
 .rodata.GT9XXX_TPX_TBL
                0x08016664       0x14 ./Drivers/BSP/TOUCH/gt9xxx.o
                0x08016664                GT9XXX_TPX_TBL
 .rodata.aPLLMULFactorTable.1
                0x08016678       0x10 ./Drivers/STM32F1xx_HAL_Driver/Src/stm32f1xx_hal_rcc.o
 .rodata.aPredivFactorTable.0
                0x08016688        0x2 ./Drivers/STM32F1xx_HAL_Driver/Src/stm32f1xx_hal_rcc.o
 *fill*         0x0801668a        0x2 
 .rodata.aPLLMULFactorTable.1
                0x0801668c       0x10 ./Drivers/STM32F1xx_HAL_Driver/Src/stm32f1xx_hal_rcc_ex.o
 .rodata.aPredivFactorTable.0
                0x0801669c        0x2 ./Drivers/STM32F1xx_HAL_Driver/Src/stm32f1xx_hal_rcc_ex.o
 .rodata._ctype_
                0x0801669e      0x101 E:/ST/STM32CubeIDE_1.18.0/STM32CubeIDE/plugins/com.st.stm32cube.ide.mcu.externaltools.gnu-tools-for-stm32.13.3.rel1.win32_1.0.0.202411081344/tools/bin/../lib/gcc/arm-none-eabi/13.3.1/../../../../arm-none-eabi/lib/thumb/v7-m/nofp\libc_nano.a(libc_a-ctype_.o)
                0x0801669e                _ctype_
 .rodata._printf_float.str1.1
                0x0801679f      0x1d6 E:/ST/STM32CubeIDE_1.18.0/STM32CubeIDE/plugins/com.st.stm32cube.ide.mcu.externaltools.gnu-tools-for-stm32.13.3.rel1.win32_1.0.0.202411081344/tools/bin/../lib/gcc/arm-none-eabi/13.3.1/../../../../arm-none-eabi/lib/thumb/v7-m/nofp\libc_nano.a(libc_a-nano-vfprintf_float.o)
                                 0x12 (size before relaxing)
 .rodata._printf_i.str1.1
                0x08016975       0x22 E:/ST/STM32CubeIDE_1.18.0/STM32CubeIDE/plugins/com.st.stm32cube.ide.mcu.externaltools.gnu-tools-for-stm32.13.3.rel1.win32_1.0.0.202411081344/tools/bin/../lib/gcc/arm-none-eabi/13.3.1/../../../../arm-none-eabi/lib/thumb/v7-m/nofp\libc_nano.a(libc_a-nano-vfprintf_i.o)
 .rodata._scanf_float.str1.1
                0x08016975        0x6 E:/ST/STM32CubeIDE_1.18.0/STM32CubeIDE/plugins/com.st.stm32cube.ide.mcu.externaltools.gnu-tools-for-stm32.13.3.rel1.win32_1.0.0.202411081344/tools/bin/../lib/gcc/arm-none-eabi/13.3.1/../../../../arm-none-eabi/lib/thumb/v7-m/nofp\libc_nano.a(libc_a-nano-vfscanf_float.o)
 .rodata._dtoa_r.str1.1
                0x08016975       0x8f E:/ST/STM32CubeIDE_1.18.0/STM32CubeIDE/plugins/com.st.stm32cube.ide.mcu.externaltools.gnu-tools-for-stm32.13.3.rel1.win32_1.0.0.202411081344/tools/bin/../lib/gcc/arm-none-eabi/13.3.1/../../../../arm-none-eabi/lib/thumb/v7-m/nofp\libc_nano.a(libc_a-dtoa.o)
 .rodata._Balloc.str1.1
                0x08016975       0x70 E:/ST/STM32CubeIDE_1.18.0/STM32CubeIDE/plugins/com.st.stm32cube.ide.mcu.externaltools.gnu-tools-for-stm32.13.3.rel1.win32_1.0.0.202411081344/tools/bin/../lib/gcc/arm-none-eabi/13.3.1/../../../../arm-none-eabi/lib/thumb/v7-m/nofp\libc_nano.a(libc_a-mprec.o)
 .rodata.__multadd.str1.1