../Core/Src/AD9959.c:59:6:Init_AD9959	40	static
../Core/Src/AD9959.c:161:6:AD9959MSGInit	4	static
../Core/Src/AD9959.c:177:6:delay1	16	static
../Core/Src/AD9959.c:183:6:Intserve	8	static
../Core/Src/AD9959.c:222:6:IntReset	8	static
../Core/Src/AD9959.c:234:6:IO_Update	8	static
../Core/Src/AD9959.c:252:6:WriteData_AD9959	24	static
../Core/Src/AD9959.c:305:6:Write_Freq	24	static
../Core/Src/AD9959.c:349:6:WriteFreq	24	static
../Core/Src/AD9959.c:384:6:WriteFreqOrtho	120	static
../Core/Src/AD9959.c:467:6:Write_Amplitude	24	static
../Core/Src/AD9959.c:507:6:WriteAmplitude	24	static
../Core/Src/AD9959.c:543:10:Phase_2_AD9959	16	static
../Core/Src/AD9959.c:558:6:Write_Phase	24	static
../Core/Src/AD9959.c:596:6:WritePhase	24	static
../Core/Src/AD9959.c:632:6:AD9959FreqSweep	56	static
../Core/Src/AD9959.c:672:6:CalculateFreq	24	static
../Core/Src/AD9959.c:683:6:CalculatePhase	32	static
../Core/Src/AD9959.c:694:6:CalculateStayTime	40	static
